Archive member included to satisfy reference by file (symbol)

../niosLab3_bsp//libhal_bsp.a(alt_load.o)
                              ../niosLab3_bsp//obj/HAL/src/crt0.o (alt_load)
../niosLab3_bsp//libhal_bsp.a(alt_main.o)
                              ../niosLab3_bsp//obj/HAL/src/crt0.o (alt_main)
../niosLab3_bsp//libhal_bsp.a(alt_usleep.o)
                              obj/default/hello_world.o (usleep)
../niosLab3_bsp//libhal_bsp.a(alt_sys_init.o)
                              ../niosLab3_bsp//libhal_bsp.a(alt_main.o) (alt_irq_init)
../niosLab3_bsp//libhal_bsp.a(altera_avalon_jtag_uart_fd.o)
                              ../niosLab3_bsp//libhal_bsp.a(alt_sys_init.o) (altera_avalon_jtag_uart_read_fd)
../niosLab3_bsp//libhal_bsp.a(altera_avalon_jtag_uart_read.o)
                              ../niosLab3_bsp//libhal_bsp.a(altera_avalon_jtag_uart_fd.o) (altera_avalon_jtag_uart_read)
../niosLab3_bsp//libhal_bsp.a(altera_avalon_jtag_uart_write.o)
                              ../niosLab3_bsp//libhal_bsp.a(altera_avalon_jtag_uart_fd.o) (altera_avalon_jtag_uart_write)
../niosLab3_bsp//libhal_bsp.a(alt_busy_sleep.o)
                              ../niosLab3_bsp//libhal_bsp.a(alt_usleep.o) (alt_busy_sleep)
../niosLab3_bsp//libhal_bsp.a(alt_close.o)
                              ../niosLab3_bsp//libhal_bsp.a(alt_main.o) (close)
../niosLab3_bsp//libhal_bsp.a(alt_dcache_flush_all.o)
                              ../niosLab3_bsp//libhal_bsp.a(alt_load.o) (alt_dcache_flush_all)
../niosLab3_bsp//libhal_bsp.a(alt_dev.o)
                              ../niosLab3_bsp//libhal_bsp.a(alt_sys_init.o) (alt_dev_list)
../niosLab3_bsp//libhal_bsp.a(alt_dev_llist_insert.o)
                              ../niosLab3_bsp//libhal_bsp.a(alt_sys_init.o) (alt_dev_llist_insert)
../niosLab3_bsp//libhal_bsp.a(alt_do_ctors.o)
                              ../niosLab3_bsp//libhal_bsp.a(alt_main.o) (_do_ctors)
../niosLab3_bsp//libhal_bsp.a(alt_do_dtors.o)
                              ../niosLab3_bsp//libhal_bsp.a(alt_main.o) (_do_dtors)
../niosLab3_bsp//libhal_bsp.a(alt_errno.o)
                              ../niosLab3_bsp//libhal_bsp.a(alt_close.o) (alt_errno)
../niosLab3_bsp//libhal_bsp.a(alt_icache_flush_all.o)
                              ../niosLab3_bsp//libhal_bsp.a(alt_load.o) (alt_icache_flush_all)
../niosLab3_bsp//libhal_bsp.a(alt_io_redirect.o)
                              ../niosLab3_bsp//libhal_bsp.a(alt_main.o) (alt_io_redirect)
../niosLab3_bsp//libhal_bsp.a(alt_open.o)
                              ../niosLab3_bsp//libhal_bsp.a(alt_io_redirect.o) (open)
../niosLab3_bsp//libhal_bsp.a(alt_release_fd.o)
                              ../niosLab3_bsp//libhal_bsp.a(alt_close.o) (alt_release_fd)
../niosLab3_bsp//libhal_bsp.a(altera_nios2_gen2_irq.o)
                              ../niosLab3_bsp//libhal_bsp.a(alt_sys_init.o) (altera_nios2_gen2_irq_init)
../niosLab3_bsp//libhal_bsp.a(alt_find_dev.o)
                              ../niosLab3_bsp//libhal_bsp.a(alt_open.o) (alt_find_dev)
../niosLab3_bsp//libhal_bsp.a(alt_find_file.o)
                              ../niosLab3_bsp//libhal_bsp.a(alt_open.o) (alt_find_file)
../niosLab3_bsp//libhal_bsp.a(alt_get_fd.o)
                              ../niosLab3_bsp//libhal_bsp.a(alt_open.o) (alt_get_fd)
/home/labarqcomp/intelFPGA/18.1/nios2eds/bin/gnu/H-x86_64-pc-linux-gnu/bin/../lib/gcc/nios2-elf/5.3.0/../../../../../H-x86_64-pc-linux-gnu/nios2-elf/lib/mno-hw-mul/libc.a(lib_a-atexit.o)
                              ../niosLab3_bsp//libhal_bsp.a(alt_main.o) (atexit)
/home/labarqcomp/intelFPGA/18.1/nios2eds/bin/gnu/H-x86_64-pc-linux-gnu/bin/../lib/gcc/nios2-elf/5.3.0/../../../../../H-x86_64-pc-linux-gnu/nios2-elf/lib/mno-hw-mul/libc.a(lib_a-exit.o)
                              ../niosLab3_bsp//libhal_bsp.a(alt_main.o) (exit)
/home/labarqcomp/intelFPGA/18.1/nios2eds/bin/gnu/H-x86_64-pc-linux-gnu/bin/../lib/gcc/nios2-elf/5.3.0/../../../../../H-x86_64-pc-linux-gnu/nios2-elf/lib/mno-hw-mul/libc.a(lib_a-impure.o)
                              /home/labarqcomp/intelFPGA/18.1/nios2eds/bin/gnu/H-x86_64-pc-linux-gnu/bin/../lib/gcc/nios2-elf/5.3.0/../../../../../H-x86_64-pc-linux-gnu/nios2-elf/lib/mno-hw-mul/libc.a(lib_a-exit.o) (_global_impure_ptr)
/home/labarqcomp/intelFPGA/18.1/nios2eds/bin/gnu/H-x86_64-pc-linux-gnu/bin/../lib/gcc/nios2-elf/5.3.0/../../../../../H-x86_64-pc-linux-gnu/nios2-elf/lib/mno-hw-mul/libc.a(lib_a-int_errno.o)
                              ../niosLab3_bsp//libhal_bsp.a(alt_close.o) (errno)
/home/labarqcomp/intelFPGA/18.1/nios2eds/bin/gnu/H-x86_64-pc-linux-gnu/bin/../lib/gcc/nios2-elf/5.3.0/../../../../../H-x86_64-pc-linux-gnu/nios2-elf/lib/mno-hw-mul/libc.a(lib_a-memcmp.o)
                              ../niosLab3_bsp//libhal_bsp.a(alt_find_dev.o) (memcmp)
/home/labarqcomp/intelFPGA/18.1/nios2eds/bin/gnu/H-x86_64-pc-linux-gnu/bin/../lib/gcc/nios2-elf/5.3.0/../../../../../H-x86_64-pc-linux-gnu/nios2-elf/lib/mno-hw-mul/libc.a(lib_a-strlen.o)
                              ../niosLab3_bsp//libhal_bsp.a(alt_find_dev.o) (strlen)
/home/labarqcomp/intelFPGA/18.1/nios2eds/bin/gnu/H-x86_64-pc-linux-gnu/bin/../lib/gcc/nios2-elf/5.3.0/../../../../../H-x86_64-pc-linux-gnu/nios2-elf/lib/mno-hw-mul/libc.a(lib_a-__atexit.o)
                              /home/labarqcomp/intelFPGA/18.1/nios2eds/bin/gnu/H-x86_64-pc-linux-gnu/bin/../lib/gcc/nios2-elf/5.3.0/../../../../../H-x86_64-pc-linux-gnu/nios2-elf/lib/mno-hw-mul/libc.a(lib_a-atexit.o) (__register_exitproc)
/home/labarqcomp/intelFPGA/18.1/nios2eds/bin/gnu/H-x86_64-pc-linux-gnu/bin/../lib/gcc/nios2-elf/5.3.0/../../../../../H-x86_64-pc-linux-gnu/nios2-elf/lib/mno-hw-mul/libc.a(lib_a-__call_atexit.o)
                              /home/labarqcomp/intelFPGA/18.1/nios2eds/bin/gnu/H-x86_64-pc-linux-gnu/bin/../lib/gcc/nios2-elf/5.3.0/../../../../../H-x86_64-pc-linux-gnu/nios2-elf/lib/mno-hw-mul/libc.a(lib_a-exit.o) (__call_exitprocs)
/home/labarqcomp/intelFPGA/18.1/nios2eds/bin/gnu/H-x86_64-pc-linux-gnu/bin/../lib/gcc/nios2-elf/5.3.0/mno-hw-mul/libgcc.a(lib2-divmod.o)
                              ../niosLab3_bsp//libhal_bsp.a(alt_busy_sleep.o) (__udivsi3)
/home/labarqcomp/intelFPGA/18.1/nios2eds/bin/gnu/H-x86_64-pc-linux-gnu/bin/../lib/gcc/nios2-elf/5.3.0/mno-hw-mul/libgcc.a(lib2-mul.o)
                              ../niosLab3_bsp//libhal_bsp.a(alt_busy_sleep.o) (__mulsi3)
../niosLab3_bsp//libhal_bsp.a(alt_exit.o)
                              /home/labarqcomp/intelFPGA/18.1/nios2eds/bin/gnu/H-x86_64-pc-linux-gnu/bin/../lib/gcc/nios2-elf/5.3.0/../../../../../H-x86_64-pc-linux-gnu/nios2-elf/lib/mno-hw-mul/libc.a(lib_a-exit.o) (_exit)

Allocating common symbols
Common symbol       size              file

errno               0x4               /home/labarqcomp/intelFPGA/18.1/nios2eds/bin/gnu/H-x86_64-pc-linux-gnu/bin/../lib/gcc/nios2-elf/5.3.0/../../../../../H-x86_64-pc-linux-gnu/nios2-elf/lib/mno-hw-mul/libc.a(lib_a-int_errno.o)

Memory Configuration

Name             Origin             Length             Attributes
onchip_ram       0x0000000000008000 0x0000000000008000
reset            0x0000000000010000 0x0000000000000020
onchip_rom       0x0000000000010020 0x0000000000007fe0
*default*        0x0000000000000000 0xffffffffffffffff

Linker script and memory map

LOAD ../niosLab3_bsp//obj/HAL/src/crt0.o
LOAD obj/default/hello_world.o
LOAD /home/labarqcomp/intelFPGA/18.1/nios2eds/bin/gnu/H-x86_64-pc-linux-gnu/bin/../lib/gcc/nios2-elf/5.3.0/../../../../../H-x86_64-pc-linux-gnu/nios2-elf/lib/mno-hw-mul/libstdc++.a
LOAD /home/labarqcomp/intelFPGA/18.1/nios2eds/bin/gnu/H-x86_64-pc-linux-gnu/bin/../lib/gcc/nios2-elf/5.3.0/../../../../../H-x86_64-pc-linux-gnu/nios2-elf/lib/mno-hw-mul/libm.a
LOAD /home/labarqcomp/intelFPGA/18.1/nios2eds/bin/gnu/H-x86_64-pc-linux-gnu/bin/../lib/gcc/nios2-elf/5.3.0/mno-hw-mul/libgcc.a
START GROUP
LOAD /home/labarqcomp/intelFPGA/18.1/nios2eds/bin/gnu/H-x86_64-pc-linux-gnu/bin/../lib/gcc/nios2-elf/5.3.0/../../../../../H-x86_64-pc-linux-gnu/nios2-elf/lib/mno-hw-mul/libc.a
LOAD /home/labarqcomp/intelFPGA/18.1/nios2eds/bin/gnu/H-x86_64-pc-linux-gnu/bin/../lib/gcc/nios2-elf/5.3.0/mno-hw-mul/libgcc.a
LOAD ../niosLab3_bsp//libhal_bsp.a
LOAD /home/labarqcomp/intelFPGA/18.1/nios2eds/bin/gnu/H-x86_64-pc-linux-gnu/bin/../lib/gcc/nios2-elf/5.3.0/../../../../../H-x86_64-pc-linux-gnu/nios2-elf/lib/mno-hw-mul/libm.a
END GROUP
LOAD /home/labarqcomp/intelFPGA/18.1/nios2eds/bin/gnu/H-x86_64-pc-linux-gnu/bin/../lib/gcc/nios2-elf/5.3.0/mno-hw-mul/libgcc.a
                0x0000000000008000                __alt_mem_onchip_ram = 0x8000
                0x0000000000010000                __alt_mem_onchip_rom = 0x10000

.entry          0x0000000000010000       0x20
 *(.entry)
 .entry         0x0000000000010000       0x20 ../niosLab3_bsp//obj/HAL/src/crt0.o
                0x0000000000010000                __reset

.exceptions     0x0000000000010020        0x0
                0x0000000000010020                PROVIDE (__ram_exceptions_start, ABSOLUTE (.))
                0x0000000000010020                . = ALIGN (0x20)
 *(.irq)
 *(.exceptions.entry.label)
 *(.exceptions.entry.user)
 *(.exceptions.entry.ecc_fatal)
 *(.exceptions.entry)
 *(.exceptions.irqtest.user)
 *(.exceptions.irqtest)
 *(.exceptions.irqhandler.user)
 *(.exceptions.irqhandler)
 *(.exceptions.irqreturn.user)
 *(.exceptions.irqreturn)
 *(.exceptions.notirq.label)
 *(.exceptions.notirq.user)
 *(.exceptions.notirq)
 *(.exceptions.soft.user)
 *(.exceptions.soft)
 *(.exceptions.unknown.user)
 *(.exceptions.unknown)
 *(.exceptions.exit.label)
 *(.exceptions.exit.user)
 *(.exceptions.exit)
 *(.exceptions)
                0x0000000000010020                PROVIDE (__ram_exceptions_end, ABSOLUTE (.))
                0x0000000000010020                PROVIDE (__flash_exceptions_start, LOADADDR (.exceptions))

.text           0x0000000000010020     0x167c
                [!provide]                        PROVIDE (stext, ABSOLUTE (.))
 *(.interp)
 *(.hash)
 *(.dynsym)
 *(.dynstr)
 *(.gnu.version)
 *(.gnu.version_d)
 *(.gnu.version_r)
 *(.rel.init)
 *(.rela.init)
 *(.rel.text .rel.text.* .rel.gnu.linkonce.t.*)
 *(.rela.text .rela.text.* .rela.gnu.linkonce.t.*)
 *(.rel.fini)
 *(.rela.fini)
 *(.rel.rodata .rel.rodata.* .rel.gnu.linkonce.r.*)
 *(.rela.rodata .rela.rodata.* .rela.gnu.linkonce.r.*)
 *(.rel.data .rel.data.* .rel.gnu.linkonce.d.*)
 *(.rela.data .rela.data.* .rela.gnu.linkonce.d.*)
 *(.rel.tdata .rel.tdata.* .rel.gnu.linkonce.td.*)
 *(.rela.tdata .rela.tdata.* .rela.gnu.linkonce.td.*)
 *(.rel.tbss .rel.tbss.* .rel.gnu.linkonce.tb.*)
 *(.rela.tbss .rela.tbss.* .rela.gnu.linkonce.tb.*)
 *(.rel.ctors)
 *(.rela.ctors)
 *(.rel.dtors)
 *(.rela.dtors)
 *(.rel.got)
 *(.rela.got)
 *(.rel.sdata .rel.sdata.* .rel.gnu.linkonce.s.*)
 *(.rela.sdata .rela.sdata.* .rela.gnu.linkonce.s.*)
 *(.rel.sbss .rel.sbss.* .rel.gnu.linkonce.sb.*)
 *(.rela.sbss .rela.sbss.* .rela.gnu.linkonce.sb.*)
 *(.rel.sdata2 .rel.sdata2.* .rel.gnu.linkonce.s2.*)
 *(.rela.sdata2 .rela.sdata2.* .rela.gnu.linkonce.s2.*)
 *(.rel.sbss2 .rel.sbss2.* .rel.gnu.linkonce.sb2.*)
 *(.rela.sbss2 .rela.sbss2.* .rela.gnu.linkonce.sb2.*)
 *(.rel.bss .rel.bss.* .rel.gnu.linkonce.b.*)
 *(.rela.bss .rela.bss.* .rela.gnu.linkonce.b.*)
 *(.rel.plt)
 *(.rela.plt)
 *(.rel.dyn)
 *(.init)
 *(.plt)
 *(.text .stub .text.* .gnu.linkonce.t.*)
 .text          0x0000000000010020       0x3c ../niosLab3_bsp//obj/HAL/src/crt0.o
                0x0000000000010020                _start
 .text          0x000000000001005c       0x60 obj/default/hello_world.o
                0x000000000001005c                main
 .text          0x00000000000100bc       0xec ../niosLab3_bsp//libhal_bsp.a(alt_load.o)
                0x0000000000010124                alt_load
 .text          0x00000000000101a8       0x7c ../niosLab3_bsp//libhal_bsp.a(alt_main.o)
                0x00000000000101a8                alt_main
 .text          0x0000000000010224       0x30 ../niosLab3_bsp//libhal_bsp.a(alt_usleep.o)
                0x0000000000010224                usleep
 .text          0x0000000000010254       0xa0 ../niosLab3_bsp//libhal_bsp.a(alt_sys_init.o)
                0x0000000000010288                alt_irq_init
                0x00000000000102c0                alt_sys_init
 .text          0x00000000000102f4       0xc0 ../niosLab3_bsp//libhal_bsp.a(altera_avalon_jtag_uart_fd.o)
                0x00000000000102f4                altera_avalon_jtag_uart_read_fd
                0x0000000000010354                altera_avalon_jtag_uart_write_fd
 .text          0x00000000000103b4       0xec ../niosLab3_bsp//libhal_bsp.a(altera_avalon_jtag_uart_read.o)
                0x00000000000103b4                altera_avalon_jtag_uart_read
 .text          0x00000000000104a0       0x94 ../niosLab3_bsp//libhal_bsp.a(altera_avalon_jtag_uart_write.o)
                0x00000000000104a0                altera_avalon_jtag_uart_write
 .text          0x0000000000010534      0x158 ../niosLab3_bsp//libhal_bsp.a(alt_busy_sleep.o)
                0x0000000000010534                alt_busy_sleep
 .text          0x000000000001068c      0x114 ../niosLab3_bsp//libhal_bsp.a(alt_close.o)
                0x00000000000106c8                close
 .text          0x00000000000107a0       0x20 ../niosLab3_bsp//libhal_bsp.a(alt_dcache_flush_all.o)
                0x00000000000107a0                alt_dcache_flush_all
 .text          0x00000000000107c0       0x2c ../niosLab3_bsp//libhal_bsp.a(alt_dev.o)
 .text          0x00000000000107ec       0xe0 ../niosLab3_bsp//libhal_bsp.a(alt_dev_llist_insert.o)
                0x0000000000010828                alt_dev_llist_insert
 .text          0x00000000000108cc       0x60 ../niosLab3_bsp//libhal_bsp.a(alt_do_ctors.o)
                0x00000000000108cc                _do_ctors
 .text          0x000000000001092c       0x60 ../niosLab3_bsp//libhal_bsp.a(alt_do_dtors.o)
                0x000000000001092c                _do_dtors
 .text          0x000000000001098c        0x0 ../niosLab3_bsp//libhal_bsp.a(alt_errno.o)
 .text          0x000000000001098c       0x20 ../niosLab3_bsp//libhal_bsp.a(alt_icache_flush_all.o)
                0x000000000001098c                alt_icache_flush_all
 .text          0x00000000000109ac      0x160 ../niosLab3_bsp//libhal_bsp.a(alt_io_redirect.o)
                0x0000000000010a90                alt_io_redirect
 .text          0x0000000000010b0c      0x284 ../niosLab3_bsp//libhal_bsp.a(alt_open.o)
                0x0000000000010c34                open
 .text          0x0000000000010d90       0x84 ../niosLab3_bsp//libhal_bsp.a(alt_release_fd.o)
                0x0000000000010d90                alt_release_fd
 .text          0x0000000000010e14       0x24 ../niosLab3_bsp//libhal_bsp.a(altera_nios2_gen2_irq.o)
                0x0000000000010e14                altera_nios2_gen2_irq_init
 .text          0x0000000000010e38       0x90 ../niosLab3_bsp//libhal_bsp.a(alt_find_dev.o)
                0x0000000000010e38                alt_find_dev
 .text          0x0000000000010ec8      0x108 ../niosLab3_bsp//libhal_bsp.a(alt_find_file.o)
                0x0000000000010ec8                alt_find_file
 .text          0x0000000000010fd0       0xc4 ../niosLab3_bsp//libhal_bsp.a(alt_get_fd.o)
                0x0000000000010fd0                alt_get_fd
 .text          0x0000000000011094        0x0 /home/labarqcomp/intelFPGA/18.1/nios2eds/bin/gnu/H-x86_64-pc-linux-gnu/bin/../lib/gcc/nios2-elf/5.3.0/../../../../../H-x86_64-pc-linux-gnu/nios2-elf/lib/mno-hw-mul/libc.a(lib_a-atexit.o)
 .text.atexit   0x0000000000011094       0x14 /home/labarqcomp/intelFPGA/18.1/nios2eds/bin/gnu/H-x86_64-pc-linux-gnu/bin/../lib/gcc/nios2-elf/5.3.0/../../../../../H-x86_64-pc-linux-gnu/nios2-elf/lib/mno-hw-mul/libc.a(lib_a-atexit.o)
                0x0000000000011094                atexit
 .text          0x00000000000110a8        0x0 /home/labarqcomp/intelFPGA/18.1/nios2eds/bin/gnu/H-x86_64-pc-linux-gnu/bin/../lib/gcc/nios2-elf/5.3.0/../../../../../H-x86_64-pc-linux-gnu/nios2-elf/lib/mno-hw-mul/libc.a(lib_a-exit.o)
 .text.exit     0x00000000000110a8       0x38 /home/labarqcomp/intelFPGA/18.1/nios2eds/bin/gnu/H-x86_64-pc-linux-gnu/bin/../lib/gcc/nios2-elf/5.3.0/../../../../../H-x86_64-pc-linux-gnu/nios2-elf/lib/mno-hw-mul/libc.a(lib_a-exit.o)
                0x00000000000110a8                exit
 .text          0x00000000000110e0        0x0 /home/labarqcomp/intelFPGA/18.1/nios2eds/bin/gnu/H-x86_64-pc-linux-gnu/bin/../lib/gcc/nios2-elf/5.3.0/../../../../../H-x86_64-pc-linux-gnu/nios2-elf/lib/mno-hw-mul/libc.a(lib_a-impure.o)
 .text          0x00000000000110e0        0x0 /home/labarqcomp/intelFPGA/18.1/nios2eds/bin/gnu/H-x86_64-pc-linux-gnu/bin/../lib/gcc/nios2-elf/5.3.0/../../../../../H-x86_64-pc-linux-gnu/nios2-elf/lib/mno-hw-mul/libc.a(lib_a-int_errno.o)
 .text          0x00000000000110e0        0x0 /home/labarqcomp/intelFPGA/18.1/nios2eds/bin/gnu/H-x86_64-pc-linux-gnu/bin/../lib/gcc/nios2-elf/5.3.0/../../../../../H-x86_64-pc-linux-gnu/nios2-elf/lib/mno-hw-mul/libc.a(lib_a-memcmp.o)
 .text.memcmp   0x00000000000110e0       0x7c /home/labarqcomp/intelFPGA/18.1/nios2eds/bin/gnu/H-x86_64-pc-linux-gnu/bin/../lib/gcc/nios2-elf/5.3.0/../../../../../H-x86_64-pc-linux-gnu/nios2-elf/lib/mno-hw-mul/libc.a(lib_a-memcmp.o)
                0x00000000000110e0                memcmp
 .text          0x000000000001115c        0x0 /home/labarqcomp/intelFPGA/18.1/nios2eds/bin/gnu/H-x86_64-pc-linux-gnu/bin/../lib/gcc/nios2-elf/5.3.0/../../../../../H-x86_64-pc-linux-gnu/nios2-elf/lib/mno-hw-mul/libc.a(lib_a-strlen.o)
 .text.strlen   0x000000000001115c       0x98 /home/labarqcomp/intelFPGA/18.1/nios2eds/bin/gnu/H-x86_64-pc-linux-gnu/bin/../lib/gcc/nios2-elf/5.3.0/../../../../../H-x86_64-pc-linux-gnu/nios2-elf/lib/mno-hw-mul/libc.a(lib_a-strlen.o)
                0x000000000001115c                strlen
 .text          0x00000000000111f4        0x0 /home/labarqcomp/intelFPGA/18.1/nios2eds/bin/gnu/H-x86_64-pc-linux-gnu/bin/../lib/gcc/nios2-elf/5.3.0/../../../../../H-x86_64-pc-linux-gnu/nios2-elf/lib/mno-hw-mul/libc.a(lib_a-__atexit.o)
 .text.__register_exitproc
                0x00000000000111f4      0x118 /home/labarqcomp/intelFPGA/18.1/nios2eds/bin/gnu/H-x86_64-pc-linux-gnu/bin/../lib/gcc/nios2-elf/5.3.0/../../../../../H-x86_64-pc-linux-gnu/nios2-elf/lib/mno-hw-mul/libc.a(lib_a-__atexit.o)
                0x00000000000111f4                __register_exitproc
 .text          0x000000000001130c        0x0 /home/labarqcomp/intelFPGA/18.1/nios2eds/bin/gnu/H-x86_64-pc-linux-gnu/bin/../lib/gcc/nios2-elf/5.3.0/../../../../../H-x86_64-pc-linux-gnu/nios2-elf/lib/mno-hw-mul/libc.a(lib_a-__call_atexit.o)
 .text.__call_exitprocs
                0x000000000001130c      0x180 /home/labarqcomp/intelFPGA/18.1/nios2eds/bin/gnu/H-x86_64-pc-linux-gnu/bin/../lib/gcc/nios2-elf/5.3.0/../../../../../H-x86_64-pc-linux-gnu/nios2-elf/lib/mno-hw-mul/libc.a(lib_a-__call_atexit.o)
                0x000000000001130c                __call_exitprocs
 .text          0x000000000001148c      0x1b4 /home/labarqcomp/intelFPGA/18.1/nios2eds/bin/gnu/H-x86_64-pc-linux-gnu/bin/../lib/gcc/nios2-elf/5.3.0/mno-hw-mul/libgcc.a(lib2-divmod.o)
                0x000000000001148c                __divsi3
                0x0000000000011510                __modsi3
                0x0000000000011584                __udivsi3
                0x00000000000115e8                __umodsi3
 .text          0x0000000000011640       0x28 /home/labarqcomp/intelFPGA/18.1/nios2eds/bin/gnu/H-x86_64-pc-linux-gnu/bin/../lib/gcc/nios2-elf/5.3.0/mno-hw-mul/libgcc.a(lib2-mul.o)
                0x0000000000011640                __mulsi3
 .text          0x0000000000011668       0x34 ../niosLab3_bsp//libhal_bsp.a(alt_exit.o)
                0x0000000000011668                _exit
 *(.gnu.warning.*)
 *(.fini)
                [!provide]                        PROVIDE (__etext, ABSOLUTE (.))
                [!provide]                        PROVIDE (_etext, ABSOLUTE (.))
                [!provide]                        PROVIDE (etext, ABSOLUTE (.))
 *(.eh_frame_hdr)
                0x000000000001169c                . = ALIGN (0x4)
                [!provide]                        PROVIDE (__preinit_array_start, ABSOLUTE (.))
 *(.preinit_array)
                [!provide]                        PROVIDE (__preinit_array_end, ABSOLUTE (.))
                [!provide]                        PROVIDE (__init_array_start, ABSOLUTE (.))
 *(.init_array)
                [!provide]                        PROVIDE (__init_array_end, ABSOLUTE (.))
                [!provide]                        PROVIDE (__fini_array_start, ABSOLUTE (.))
 *(.fini_array)
                [!provide]                        PROVIDE (__fini_array_end, ABSOLUTE (.))
 *(.eh_frame)
 *(.gcc_except_table .gcc_except_table.*)
 *(.dynamic)
                0x000000000001169c                PROVIDE (__CTOR_LIST__, ABSOLUTE (.))
 *(.ctors)
 *(SORT(.ctors.*))
                0x000000000001169c                PROVIDE (__CTOR_END__, ABSOLUTE (.))
                0x000000000001169c                PROVIDE (__DTOR_LIST__, ABSOLUTE (.))
 *(.dtors)
 *(SORT(.dtors.*))
                0x000000000001169c                PROVIDE (__DTOR_END__, ABSOLUTE (.))
 *(.jcr)
                0x000000000001169c                . = ALIGN (0x4)

.rodata         0x0000000000008000       0x38 load address 0x000000000001169c
                0x0000000000008000                PROVIDE (__ram_rodata_start, ABSOLUTE (.))
                0x0000000000008000                . = ALIGN (0x4)
 *(.rodata .rodata.* .gnu.linkonce.r.*)
 .rodata        0x0000000000008000       0x11 ../niosLab3_bsp//libhal_bsp.a(alt_main.o)
 *fill*         0x0000000000008011        0x3 
 .rodata        0x0000000000008014       0x11 ../niosLab3_bsp//libhal_bsp.a(alt_sys_init.o)
 *fill*         0x0000000000008025        0x3 
 .rodata        0x0000000000008028        0xa ../niosLab3_bsp//libhal_bsp.a(alt_dev.o)
 *fill*         0x0000000000008032        0x2 
 .rodata.str1.4
                0x0000000000008034        0x4 /home/labarqcomp/intelFPGA/18.1/nios2eds/bin/gnu/H-x86_64-pc-linux-gnu/bin/../lib/gcc/nios2-elf/5.3.0/../../../../../H-x86_64-pc-linux-gnu/nios2-elf/lib/mno-hw-mul/libc.a(lib_a-impure.o)
                                          0x2 (size before relaxing)
 *(.rodata1)
                0x0000000000008038                . = ALIGN (0x4)
                0x0000000000008038                PROVIDE (__ram_rodata_end, ABSOLUTE (.))
                0x000000000001169c                PROVIDE (__flash_rodata_start, LOADADDR (.rodata))

.rwdata         0x0000000000008038      0x618 load address 0x00000000000116d4
                0x0000000000008038                PROVIDE (__ram_rwdata_start, ABSOLUTE (.))
                0x0000000000008038                . = ALIGN (0x4)
 *(.got.plt)
 *(.got)
 *(.data1)
 *(.data .data.* .gnu.linkonce.d.*)
 .data          0x0000000000008038        0x0 ../niosLab3_bsp//obj/HAL/src/crt0.o
 .data          0x0000000000008038        0x0 obj/default/hello_world.o
 .data          0x0000000000008038        0x0 ../niosLab3_bsp//libhal_bsp.a(alt_load.o)
 .data          0x0000000000008038        0x0 ../niosLab3_bsp//libhal_bsp.a(alt_main.o)
 .data          0x0000000000008038        0x0 ../niosLab3_bsp//libhal_bsp.a(alt_usleep.o)
 .data          0x0000000000008038       0x2c ../niosLab3_bsp//libhal_bsp.a(alt_sys_init.o)
 .data          0x0000000000008064        0x0 ../niosLab3_bsp//libhal_bsp.a(altera_avalon_jtag_uart_fd.o)
 .data          0x0000000000008064        0x0 ../niosLab3_bsp//libhal_bsp.a(altera_avalon_jtag_uart_read.o)
 .data          0x0000000000008064        0x0 ../niosLab3_bsp//libhal_bsp.a(altera_avalon_jtag_uart_write.o)
 .data          0x0000000000008064        0x0 ../niosLab3_bsp//libhal_bsp.a(alt_busy_sleep.o)
 .data          0x0000000000008064        0x0 ../niosLab3_bsp//libhal_bsp.a(alt_close.o)
 .data          0x0000000000008064        0x0 ../niosLab3_bsp//libhal_bsp.a(alt_dcache_flush_all.o)
 .data          0x0000000000008064      0x1a8 ../niosLab3_bsp//libhal_bsp.a(alt_dev.o)
                0x0000000000008064                alt_dev_null
                0x000000000000808c                alt_fd_list
 .data          0x000000000000820c        0x0 ../niosLab3_bsp//libhal_bsp.a(alt_dev_llist_insert.o)
 .data          0x000000000000820c        0x0 ../niosLab3_bsp//libhal_bsp.a(alt_do_ctors.o)
 .data          0x000000000000820c        0x0 ../niosLab3_bsp//libhal_bsp.a(alt_do_dtors.o)
 .data          0x000000000000820c        0x0 ../niosLab3_bsp//libhal_bsp.a(alt_errno.o)
 .data          0x000000000000820c        0x0 ../niosLab3_bsp//libhal_bsp.a(alt_icache_flush_all.o)
 .data          0x000000000000820c        0x0 ../niosLab3_bsp//libhal_bsp.a(alt_io_redirect.o)
 .data          0x000000000000820c        0x0 ../niosLab3_bsp//libhal_bsp.a(alt_open.o)
 .data          0x000000000000820c        0x0 ../niosLab3_bsp//libhal_bsp.a(alt_release_fd.o)
 .data          0x000000000000820c        0x0 ../niosLab3_bsp//libhal_bsp.a(altera_nios2_gen2_irq.o)
 .data          0x000000000000820c        0x0 ../niosLab3_bsp//libhal_bsp.a(alt_find_dev.o)
 .data          0x000000000000820c        0x0 ../niosLab3_bsp//libhal_bsp.a(alt_find_file.o)
 .data          0x000000000000820c        0x0 ../niosLab3_bsp//libhal_bsp.a(alt_get_fd.o)
 .data          0x000000000000820c        0x0 /home/labarqcomp/intelFPGA/18.1/nios2eds/bin/gnu/H-x86_64-pc-linux-gnu/bin/../lib/gcc/nios2-elf/5.3.0/../../../../../H-x86_64-pc-linux-gnu/nios2-elf/lib/mno-hw-mul/libc.a(lib_a-atexit.o)
 .data          0x000000000000820c        0x0 /home/labarqcomp/intelFPGA/18.1/nios2eds/bin/gnu/H-x86_64-pc-linux-gnu/bin/../lib/gcc/nios2-elf/5.3.0/../../../../../H-x86_64-pc-linux-gnu/nios2-elf/lib/mno-hw-mul/libc.a(lib_a-exit.o)
 .data          0x000000000000820c        0x0 /home/labarqcomp/intelFPGA/18.1/nios2eds/bin/gnu/H-x86_64-pc-linux-gnu/bin/../lib/gcc/nios2-elf/5.3.0/../../../../../H-x86_64-pc-linux-gnu/nios2-elf/lib/mno-hw-mul/libc.a(lib_a-impure.o)
 .data.impure_data
                0x000000000000820c      0x424 /home/labarqcomp/intelFPGA/18.1/nios2eds/bin/gnu/H-x86_64-pc-linux-gnu/bin/../lib/gcc/nios2-elf/5.3.0/../../../../../H-x86_64-pc-linux-gnu/nios2-elf/lib/mno-hw-mul/libc.a(lib_a-impure.o)
 .data          0x0000000000008630        0x0 /home/labarqcomp/intelFPGA/18.1/nios2eds/bin/gnu/H-x86_64-pc-linux-gnu/bin/../lib/gcc/nios2-elf/5.3.0/../../../../../H-x86_64-pc-linux-gnu/nios2-elf/lib/mno-hw-mul/libc.a(lib_a-int_errno.o)
 .data          0x0000000000008630        0x0 /home/labarqcomp/intelFPGA/18.1/nios2eds/bin/gnu/H-x86_64-pc-linux-gnu/bin/../lib/gcc/nios2-elf/5.3.0/../../../../../H-x86_64-pc-linux-gnu/nios2-elf/lib/mno-hw-mul/libc.a(lib_a-memcmp.o)
 .data          0x0000000000008630        0x0 /home/labarqcomp/intelFPGA/18.1/nios2eds/bin/gnu/H-x86_64-pc-linux-gnu/bin/../lib/gcc/nios2-elf/5.3.0/../../../../../H-x86_64-pc-linux-gnu/nios2-elf/lib/mno-hw-mul/libc.a(lib_a-strlen.o)
 .data          0x0000000000008630        0x0 /home/labarqcomp/intelFPGA/18.1/nios2eds/bin/gnu/H-x86_64-pc-linux-gnu/bin/../lib/gcc/nios2-elf/5.3.0/../../../../../H-x86_64-pc-linux-gnu/nios2-elf/lib/mno-hw-mul/libc.a(lib_a-__atexit.o)
 .data          0x0000000000008630        0x0 /home/labarqcomp/intelFPGA/18.1/nios2eds/bin/gnu/H-x86_64-pc-linux-gnu/bin/../lib/gcc/nios2-elf/5.3.0/../../../../../H-x86_64-pc-linux-gnu/nios2-elf/lib/mno-hw-mul/libc.a(lib_a-__call_atexit.o)
 .data          0x0000000000008630        0x0 /home/labarqcomp/intelFPGA/18.1/nios2eds/bin/gnu/H-x86_64-pc-linux-gnu/bin/../lib/gcc/nios2-elf/5.3.0/mno-hw-mul/libgcc.a(lib2-divmod.o)
 .data          0x0000000000008630        0x0 /home/labarqcomp/intelFPGA/18.1/nios2eds/bin/gnu/H-x86_64-pc-linux-gnu/bin/../lib/gcc/nios2-elf/5.3.0/mno-hw-mul/libgcc.a(lib2-mul.o)
 .data          0x0000000000008630        0x0 ../niosLab3_bsp//libhal_bsp.a(alt_exit.o)
                0x0000000000010630                _gp = ABSOLUTE ((. + 0x8000))
                [!provide]                        PROVIDE (gp, _gp)
 *(.rwdata .rwdata.*)
 *(.sdata .sdata.* .gnu.linkonce.s.*)
 .sdata         0x0000000000008630       0x14 ../niosLab3_bsp//libhal_bsp.a(alt_dev.o)
                0x0000000000008630                alt_fs_list
                0x0000000000008638                alt_dev_list
                0x0000000000008640                alt_max_fd
 .sdata         0x0000000000008644        0x4 ../niosLab3_bsp//libhal_bsp.a(alt_errno.o)
                0x0000000000008644                alt_errno
 .sdata._global_impure_ptr
                0x0000000000008648        0x4 /home/labarqcomp/intelFPGA/18.1/nios2eds/bin/gnu/H-x86_64-pc-linux-gnu/bin/../lib/gcc/nios2-elf/5.3.0/../../../../../H-x86_64-pc-linux-gnu/nios2-elf/lib/mno-hw-mul/libc.a(lib_a-impure.o)
                0x0000000000008648                _global_impure_ptr
 .sdata._impure_ptr
                0x000000000000864c        0x4 /home/labarqcomp/intelFPGA/18.1/nios2eds/bin/gnu/H-x86_64-pc-linux-gnu/bin/../lib/gcc/nios2-elf/5.3.0/../../../../../H-x86_64-pc-linux-gnu/nios2-elf/lib/mno-hw-mul/libc.a(lib_a-impure.o)
                0x000000000000864c                _impure_ptr
 *(.sdata2 .sdata2.* .gnu.linkonce.s2.*)
                0x0000000000008650                . = ALIGN (0x4)
                0x0000000000008650                _edata = ABSOLUTE (.)
                [!provide]                        PROVIDE (edata, ABSOLUTE (.))
                0x0000000000008650                PROVIDE (__ram_rwdata_end, ABSOLUTE (.))
                0x00000000000116d4                PROVIDE (__flash_rwdata_start, LOADADDR (.rwdata))

.bss            0x0000000000008650       0x10 load address 0x0000000000011cec
                0x0000000000008650                __bss_start = ABSOLUTE (.)
                [!provide]                        PROVIDE (__sbss_start, ABSOLUTE (.))
                [!provide]                        PROVIDE (___sbss_start, ABSOLUTE (.))
 *(.dynsbss)
 *(.sbss .sbss.* .gnu.linkonce.sb.*)
 .sbss          0x0000000000008650        0xc ../niosLab3_bsp//libhal_bsp.a(alt_main.o)
                0x0000000000008650                alt_argc
                0x0000000000008654                alt_argv
                0x0000000000008658                alt_envp
 .sbss          0x000000000000865c        0x4 /home/labarqcomp/intelFPGA/18.1/nios2eds/bin/gnu/H-x86_64-pc-linux-gnu/bin/../lib/gcc/nios2-elf/5.3.0/../../../../../H-x86_64-pc-linux-gnu/nios2-elf/lib/mno-hw-mul/libc.a(lib_a-int_errno.o)
                0x000000000000865c                errno
 *(.sbss2 .sbss2.* .gnu.linkonce.sb2.*)
 *(.scommon)
                [!provide]                        PROVIDE (__sbss_end, ABSOLUTE (.))
                [!provide]                        PROVIDE (___sbss_end, ABSOLUTE (.))
 *(.dynbss)
 *(.bss .bss.* .gnu.linkonce.b.*)
 .bss           0x0000000000008660        0x0 ../niosLab3_bsp//obj/HAL/src/crt0.o
 .bss           0x0000000000008660        0x0 obj/default/hello_world.o
 .bss           0x0000000000008660        0x0 ../niosLab3_bsp//libhal_bsp.a(alt_load.o)
 .bss           0x0000000000008660        0x0 ../niosLab3_bsp//libhal_bsp.a(alt_main.o)
 .bss           0x0000000000008660        0x0 ../niosLab3_bsp//libhal_bsp.a(alt_usleep.o)
 .bss           0x0000000000008660        0x0 ../niosLab3_bsp//libhal_bsp.a(alt_sys_init.o)
 .bss           0x0000000000008660        0x0 ../niosLab3_bsp//libhal_bsp.a(altera_avalon_jtag_uart_fd.o)
 .bss           0x0000000000008660        0x0 ../niosLab3_bsp//libhal_bsp.a(altera_avalon_jtag_uart_read.o)
 .bss           0x0000000000008660        0x0 ../niosLab3_bsp//libhal_bsp.a(altera_avalon_jtag_uart_write.o)
 .bss           0x0000000000008660        0x0 ../niosLab3_bsp//libhal_bsp.a(alt_busy_sleep.o)
 .bss           0x0000000000008660        0x0 ../niosLab3_bsp//libhal_bsp.a(alt_close.o)
 .bss           0x0000000000008660        0x0 ../niosLab3_bsp//libhal_bsp.a(alt_dcache_flush_all.o)
 .bss           0x0000000000008660        0x0 ../niosLab3_bsp//libhal_bsp.a(alt_dev.o)
 .bss           0x0000000000008660        0x0 ../niosLab3_bsp//libhal_bsp.a(alt_dev_llist_insert.o)
 .bss           0x0000000000008660        0x0 ../niosLab3_bsp//libhal_bsp.a(alt_do_ctors.o)
 .bss           0x0000000000008660        0x0 ../niosLab3_bsp//libhal_bsp.a(alt_do_dtors.o)
 .bss           0x0000000000008660        0x0 ../niosLab3_bsp//libhal_bsp.a(alt_errno.o)
 .bss           0x0000000000008660        0x0 ../niosLab3_bsp//libhal_bsp.a(alt_icache_flush_all.o)
 .bss           0x0000000000008660        0x0 ../niosLab3_bsp//libhal_bsp.a(alt_io_redirect.o)
 .bss           0x0000000000008660        0x0 ../niosLab3_bsp//libhal_bsp.a(alt_open.o)
 .bss           0x0000000000008660        0x0 ../niosLab3_bsp//libhal_bsp.a(alt_release_fd.o)
 .bss           0x0000000000008660        0x0 ../niosLab3_bsp//libhal_bsp.a(altera_nios2_gen2_irq.o)
 .bss           0x0000000000008660        0x0 ../niosLab3_bsp//libhal_bsp.a(alt_find_dev.o)
 .bss           0x0000000000008660        0x0 ../niosLab3_bsp//libhal_bsp.a(alt_find_file.o)
 .bss           0x0000000000008660        0x0 ../niosLab3_bsp//libhal_bsp.a(alt_get_fd.o)
 .bss           0x0000000000008660        0x0 /home/labarqcomp/intelFPGA/18.1/nios2eds/bin/gnu/H-x86_64-pc-linux-gnu/bin/../lib/gcc/nios2-elf/5.3.0/../../../../../H-x86_64-pc-linux-gnu/nios2-elf/lib/mno-hw-mul/libc.a(lib_a-atexit.o)
 .bss           0x0000000000008660        0x0 /home/labarqcomp/intelFPGA/18.1/nios2eds/bin/gnu/H-x86_64-pc-linux-gnu/bin/../lib/gcc/nios2-elf/5.3.0/../../../../../H-x86_64-pc-linux-gnu/nios2-elf/lib/mno-hw-mul/libc.a(lib_a-exit.o)
 .bss           0x0000000000008660        0x0 /home/labarqcomp/intelFPGA/18.1/nios2eds/bin/gnu/H-x86_64-pc-linux-gnu/bin/../lib/gcc/nios2-elf/5.3.0/../../../../../H-x86_64-pc-linux-gnu/nios2-elf/lib/mno-hw-mul/libc.a(lib_a-impure.o)
 .bss           0x0000000000008660        0x0 /home/labarqcomp/intelFPGA/18.1/nios2eds/bin/gnu/H-x86_64-pc-linux-gnu/bin/../lib/gcc/nios2-elf/5.3.0/../../../../../H-x86_64-pc-linux-gnu/nios2-elf/lib/mno-hw-mul/libc.a(lib_a-int_errno.o)
 .bss           0x0000000000008660        0x0 /home/labarqcomp/intelFPGA/18.1/nios2eds/bin/gnu/H-x86_64-pc-linux-gnu/bin/../lib/gcc/nios2-elf/5.3.0/../../../../../H-x86_64-pc-linux-gnu/nios2-elf/lib/mno-hw-mul/libc.a(lib_a-memcmp.o)
 .bss           0x0000000000008660        0x0 /home/labarqcomp/intelFPGA/18.1/nios2eds/bin/gnu/H-x86_64-pc-linux-gnu/bin/../lib/gcc/nios2-elf/5.3.0/../../../../../H-x86_64-pc-linux-gnu/nios2-elf/lib/mno-hw-mul/libc.a(lib_a-strlen.o)
 .bss           0x0000000000008660        0x0 /home/labarqcomp/intelFPGA/18.1/nios2eds/bin/gnu/H-x86_64-pc-linux-gnu/bin/../lib/gcc/nios2-elf/5.3.0/../../../../../H-x86_64-pc-linux-gnu/nios2-elf/lib/mno-hw-mul/libc.a(lib_a-__atexit.o)
 .bss           0x0000000000008660        0x0 /home/labarqcomp/intelFPGA/18.1/nios2eds/bin/gnu/H-x86_64-pc-linux-gnu/bin/../lib/gcc/nios2-elf/5.3.0/../../../../../H-x86_64-pc-linux-gnu/nios2-elf/lib/mno-hw-mul/libc.a(lib_a-__call_atexit.o)
 .bss           0x0000000000008660        0x0 /home/labarqcomp/intelFPGA/18.1/nios2eds/bin/gnu/H-x86_64-pc-linux-gnu/bin/../lib/gcc/nios2-elf/5.3.0/mno-hw-mul/libgcc.a(lib2-divmod.o)
 .bss           0x0000000000008660        0x0 /home/labarqcomp/intelFPGA/18.1/nios2eds/bin/gnu/H-x86_64-pc-linux-gnu/bin/../lib/gcc/nios2-elf/5.3.0/mno-hw-mul/libgcc.a(lib2-mul.o)
 .bss           0x0000000000008660        0x0 ../niosLab3_bsp//libhal_bsp.a(alt_exit.o)
 *(COMMON)
                0x0000000000008660                . = ALIGN (0x4)
                0x0000000000008660                __bss_end = ABSOLUTE (.)

.onchip_ram     0x0000000000008660        0x0 load address 0x0000000000011cec
                [!provide]                        PROVIDE (_alt_partition_onchip_ram_start, ABSOLUTE (.))
 *(.onchip_ram .onchip_ram. onchip_ram.*)
                0x0000000000008660                . = ALIGN (0x4)
                [!provide]                        PROVIDE (_alt_partition_onchip_ram_end, ABSOLUTE (.))
                0x0000000000008660                _end = ABSOLUTE (.)
                0x0000000000008660                end = ABSOLUTE (.)
                0x0000000000008660                __alt_stack_base = ABSOLUTE (.)
                [!provide]                        PROVIDE (_alt_partition_onchip_ram_load_addr, LOADADDR (.onchip_ram))

.onchip_rom     0x0000000000011cec        0x0
                [!provide]                        PROVIDE (_alt_partition_onchip_rom_start, ABSOLUTE (.))
 *(.onchip_rom .onchip_rom. onchip_rom.*)
                0x0000000000011cec                . = ALIGN (0x4)
                [!provide]                        PROVIDE (_alt_partition_onchip_rom_end, ABSOLUTE (.))
                [!provide]                        PROVIDE (_alt_partition_onchip_rom_load_addr, LOADADDR (.onchip_rom))

.stab
 *(.stab)

.stabstr
 *(.stabstr)

.stab.excl
 *(.stab.excl)

.stab.exclstr
 *(.stab.exclstr)

.stab.index
 *(.stab.index)

.stab.indexstr
 *(.stab.indexstr)

.comment        0x0000000000000000       0x23
 *(.comment)
 .comment       0x0000000000000000       0x23 obj/default/hello_world.o
                                         0x24 (size before relaxing)
 .comment       0x0000000000000023       0x24 ../niosLab3_bsp//libhal_bsp.a(alt_load.o)
 .comment       0x0000000000000023       0x24 ../niosLab3_bsp//libhal_bsp.a(alt_main.o)
 .comment       0x0000000000000023       0x24 ../niosLab3_bsp//libhal_bsp.a(alt_usleep.o)
 .comment       0x0000000000000023       0x24 ../niosLab3_bsp//libhal_bsp.a(alt_sys_init.o)
 .comment       0x0000000000000023       0x24 ../niosLab3_bsp//libhal_bsp.a(altera_avalon_jtag_uart_fd.o)
 .comment       0x0000000000000023       0x24 ../niosLab3_bsp//libhal_bsp.a(altera_avalon_jtag_uart_read.o)
 .comment       0x0000000000000023       0x24 ../niosLab3_bsp//libhal_bsp.a(altera_avalon_jtag_uart_write.o)
 .comment       0x0000000000000023       0x24 ../niosLab3_bsp//libhal_bsp.a(alt_busy_sleep.o)
 .comment       0x0000000000000023       0x24 ../niosLab3_bsp//libhal_bsp.a(alt_close.o)
 .comment       0x0000000000000023       0x24 ../niosLab3_bsp//libhal_bsp.a(alt_dcache_flush_all.o)
 .comment       0x0000000000000023       0x24 ../niosLab3_bsp//libhal_bsp.a(alt_dev.o)
 .comment       0x0000000000000023       0x24 ../niosLab3_bsp//libhal_bsp.a(alt_dev_llist_insert.o)
 .comment       0x0000000000000023       0x24 ../niosLab3_bsp//libhal_bsp.a(alt_do_ctors.o)
 .comment       0x0000000000000023       0x24 ../niosLab3_bsp//libhal_bsp.a(alt_do_dtors.o)
 .comment       0x0000000000000023       0x24 ../niosLab3_bsp//libhal_bsp.a(alt_errno.o)
 .comment       0x0000000000000023       0x24 ../niosLab3_bsp//libhal_bsp.a(alt_icache_flush_all.o)
 .comment       0x0000000000000023       0x24 ../niosLab3_bsp//libhal_bsp.a(alt_io_redirect.o)
 .comment       0x0000000000000023       0x24 ../niosLab3_bsp//libhal_bsp.a(alt_open.o)
 .comment       0x0000000000000023       0x24 ../niosLab3_bsp//libhal_bsp.a(alt_release_fd.o)
 .comment       0x0000000000000023       0x24 ../niosLab3_bsp//libhal_bsp.a(altera_nios2_gen2_irq.o)
 .comment       0x0000000000000023       0x24 ../niosLab3_bsp//libhal_bsp.a(alt_find_dev.o)
 .comment       0x0000000000000023       0x24 ../niosLab3_bsp//libhal_bsp.a(alt_find_file.o)
 .comment       0x0000000000000023       0x24 ../niosLab3_bsp//libhal_bsp.a(alt_get_fd.o)
 .comment       0x0000000000000023       0x24 /home/labarqcomp/intelFPGA/18.1/nios2eds/bin/gnu/H-x86_64-pc-linux-gnu/bin/../lib/gcc/nios2-elf/5.3.0/../../../../../H-x86_64-pc-linux-gnu/nios2-elf/lib/mno-hw-mul/libc.a(lib_a-atexit.o)
 .comment       0x0000000000000023       0x24 /home/labarqcomp/intelFPGA/18.1/nios2eds/bin/gnu/H-x86_64-pc-linux-gnu/bin/../lib/gcc/nios2-elf/5.3.0/../../../../../H-x86_64-pc-linux-gnu/nios2-elf/lib/mno-hw-mul/libc.a(lib_a-exit.o)
 .comment       0x0000000000000023       0x24 /home/labarqcomp/intelFPGA/18.1/nios2eds/bin/gnu/H-x86_64-pc-linux-gnu/bin/../lib/gcc/nios2-elf/5.3.0/../../../../../H-x86_64-pc-linux-gnu/nios2-elf/lib/mno-hw-mul/libc.a(lib_a-impure.o)
 .comment       0x0000000000000023       0x24 /home/labarqcomp/intelFPGA/18.1/nios2eds/bin/gnu/H-x86_64-pc-linux-gnu/bin/../lib/gcc/nios2-elf/5.3.0/../../../../../H-x86_64-pc-linux-gnu/nios2-elf/lib/mno-hw-mul/libc.a(lib_a-int_errno.o)
 .comment       0x0000000000000023       0x24 /home/labarqcomp/intelFPGA/18.1/nios2eds/bin/gnu/H-x86_64-pc-linux-gnu/bin/../lib/gcc/nios2-elf/5.3.0/../../../../../H-x86_64-pc-linux-gnu/nios2-elf/lib/mno-hw-mul/libc.a(lib_a-memcmp.o)
 .comment       0x0000000000000023       0x24 /home/labarqcomp/intelFPGA/18.1/nios2eds/bin/gnu/H-x86_64-pc-linux-gnu/bin/../lib/gcc/nios2-elf/5.3.0/../../../../../H-x86_64-pc-linux-gnu/nios2-elf/lib/mno-hw-mul/libc.a(lib_a-strlen.o)
 .comment       0x0000000000000023       0x24 /home/labarqcomp/intelFPGA/18.1/nios2eds/bin/gnu/H-x86_64-pc-linux-gnu/bin/../lib/gcc/nios2-elf/5.3.0/../../../../../H-x86_64-pc-linux-gnu/nios2-elf/lib/mno-hw-mul/libc.a(lib_a-__atexit.o)
 .comment       0x0000000000000023       0x24 /home/labarqcomp/intelFPGA/18.1/nios2eds/bin/gnu/H-x86_64-pc-linux-gnu/bin/../lib/gcc/nios2-elf/5.3.0/../../../../../H-x86_64-pc-linux-gnu/nios2-elf/lib/mno-hw-mul/libc.a(lib_a-__call_atexit.o)
 .comment       0x0000000000000023       0x24 /home/labarqcomp/intelFPGA/18.1/nios2eds/bin/gnu/H-x86_64-pc-linux-gnu/bin/../lib/gcc/nios2-elf/5.3.0/mno-hw-mul/libgcc.a(lib2-divmod.o)
 .comment       0x0000000000000023       0x24 /home/labarqcomp/intelFPGA/18.1/nios2eds/bin/gnu/H-x86_64-pc-linux-gnu/bin/../lib/gcc/nios2-elf/5.3.0/mno-hw-mul/libgcc.a(lib2-mul.o)
 .comment       0x0000000000000023       0x24 ../niosLab3_bsp//libhal_bsp.a(alt_exit.o)

.debug
 *(.debug)

.line
 *(.line)

.debug_srcinfo
 *(.debug_srcinfo)

.debug_sfnames
 *(.debug_sfnames)

.debug_aranges  0x0000000000000000      0x470
 *(.debug_aranges)
 .debug_aranges
                0x0000000000000000       0x28 ../niosLab3_bsp//obj/HAL/src/crt0.o
 .debug_aranges
                0x0000000000000028       0x20 obj/default/hello_world.o
 .debug_aranges
                0x0000000000000048       0x20 ../niosLab3_bsp//libhal_bsp.a(alt_load.o)
 .debug_aranges
                0x0000000000000068       0x20 ../niosLab3_bsp//libhal_bsp.a(alt_main.o)
 .debug_aranges
                0x0000000000000088       0x20 ../niosLab3_bsp//libhal_bsp.a(alt_usleep.o)
 .debug_aranges
                0x00000000000000a8       0x20 ../niosLab3_bsp//libhal_bsp.a(alt_sys_init.o)
 .debug_aranges
                0x00000000000000c8       0x20 ../niosLab3_bsp//libhal_bsp.a(altera_avalon_jtag_uart_fd.o)
 .debug_aranges
                0x00000000000000e8       0x20 ../niosLab3_bsp//libhal_bsp.a(altera_avalon_jtag_uart_read.o)
 .debug_aranges
                0x0000000000000108       0x20 ../niosLab3_bsp//libhal_bsp.a(altera_avalon_jtag_uart_write.o)
 .debug_aranges
                0x0000000000000128       0x20 ../niosLab3_bsp//libhal_bsp.a(alt_busy_sleep.o)
 .debug_aranges
                0x0000000000000148       0x20 ../niosLab3_bsp//libhal_bsp.a(alt_close.o)
 .debug_aranges
                0x0000000000000168       0x20 ../niosLab3_bsp//libhal_bsp.a(alt_dcache_flush_all.o)
 .debug_aranges
                0x0000000000000188       0x20 ../niosLab3_bsp//libhal_bsp.a(alt_dev.o)
 .debug_aranges
                0x00000000000001a8       0x20 ../niosLab3_bsp//libhal_bsp.a(alt_dev_llist_insert.o)
 .debug_aranges
                0x00000000000001c8       0x20 ../niosLab3_bsp//libhal_bsp.a(alt_do_ctors.o)
 .debug_aranges
                0x00000000000001e8       0x20 ../niosLab3_bsp//libhal_bsp.a(alt_do_dtors.o)
 .debug_aranges
                0x0000000000000208       0x18 ../niosLab3_bsp//libhal_bsp.a(alt_errno.o)
 .debug_aranges
                0x0000000000000220       0x20 ../niosLab3_bsp//libhal_bsp.a(alt_icache_flush_all.o)
 .debug_aranges
                0x0000000000000240       0x20 ../niosLab3_bsp//libhal_bsp.a(alt_io_redirect.o)
 .debug_aranges
                0x0000000000000260       0x20 ../niosLab3_bsp//libhal_bsp.a(alt_open.o)
 .debug_aranges
                0x0000000000000280       0x20 ../niosLab3_bsp//libhal_bsp.a(alt_release_fd.o)
 .debug_aranges
                0x00000000000002a0       0x20 ../niosLab3_bsp//libhal_bsp.a(altera_nios2_gen2_irq.o)
 .debug_aranges
                0x00000000000002c0       0x20 ../niosLab3_bsp//libhal_bsp.a(alt_find_dev.o)
 .debug_aranges
                0x00000000000002e0       0x20 ../niosLab3_bsp//libhal_bsp.a(alt_find_file.o)
 .debug_aranges
                0x0000000000000300       0x20 ../niosLab3_bsp//libhal_bsp.a(alt_get_fd.o)
 .debug_aranges
                0x0000000000000320       0x20 /home/labarqcomp/intelFPGA/18.1/nios2eds/bin/gnu/H-x86_64-pc-linux-gnu/bin/../lib/gcc/nios2-elf/5.3.0/../../../../../H-x86_64-pc-linux-gnu/nios2-elf/lib/mno-hw-mul/libc.a(lib_a-atexit.o)
 .debug_aranges
                0x0000000000000340       0x20 /home/labarqcomp/intelFPGA/18.1/nios2eds/bin/gnu/H-x86_64-pc-linux-gnu/bin/../lib/gcc/nios2-elf/5.3.0/../../../../../H-x86_64-pc-linux-gnu/nios2-elf/lib/mno-hw-mul/libc.a(lib_a-exit.o)
 .debug_aranges
                0x0000000000000360       0x18 /home/labarqcomp/intelFPGA/18.1/nios2eds/bin/gnu/H-x86_64-pc-linux-gnu/bin/../lib/gcc/nios2-elf/5.3.0/../../../../../H-x86_64-pc-linux-gnu/nios2-elf/lib/mno-hw-mul/libc.a(lib_a-impure.o)
 .debug_aranges
                0x0000000000000378       0x18 /home/labarqcomp/intelFPGA/18.1/nios2eds/bin/gnu/H-x86_64-pc-linux-gnu/bin/../lib/gcc/nios2-elf/5.3.0/../../../../../H-x86_64-pc-linux-gnu/nios2-elf/lib/mno-hw-mul/libc.a(lib_a-int_errno.o)
 .debug_aranges
                0x0000000000000390       0x20 /home/labarqcomp/intelFPGA/18.1/nios2eds/bin/gnu/H-x86_64-pc-linux-gnu/bin/../lib/gcc/nios2-elf/5.3.0/../../../../../H-x86_64-pc-linux-gnu/nios2-elf/lib/mno-hw-mul/libc.a(lib_a-memcmp.o)
 .debug_aranges
                0x00000000000003b0       0x20 /home/labarqcomp/intelFPGA/18.1/nios2eds/bin/gnu/H-x86_64-pc-linux-gnu/bin/../lib/gcc/nios2-elf/5.3.0/../../../../../H-x86_64-pc-linux-gnu/nios2-elf/lib/mno-hw-mul/libc.a(lib_a-strlen.o)
 .debug_aranges
                0x00000000000003d0       0x20 /home/labarqcomp/intelFPGA/18.1/nios2eds/bin/gnu/H-x86_64-pc-linux-gnu/bin/../lib/gcc/nios2-elf/5.3.0/../../../../../H-x86_64-pc-linux-gnu/nios2-elf/lib/mno-hw-mul/libc.a(lib_a-__atexit.o)
 .debug_aranges
                0x00000000000003f0       0x20 /home/labarqcomp/intelFPGA/18.1/nios2eds/bin/gnu/H-x86_64-pc-linux-gnu/bin/../lib/gcc/nios2-elf/5.3.0/../../../../../H-x86_64-pc-linux-gnu/nios2-elf/lib/mno-hw-mul/libc.a(lib_a-__call_atexit.o)
 .debug_aranges
                0x0000000000000410       0x20 /home/labarqcomp/intelFPGA/18.1/nios2eds/bin/gnu/H-x86_64-pc-linux-gnu/bin/../lib/gcc/nios2-elf/5.3.0/mno-hw-mul/libgcc.a(lib2-divmod.o)
 .debug_aranges
                0x0000000000000430       0x20 /home/labarqcomp/intelFPGA/18.1/nios2eds/bin/gnu/H-x86_64-pc-linux-gnu/bin/../lib/gcc/nios2-elf/5.3.0/mno-hw-mul/libgcc.a(lib2-mul.o)
 .debug_aranges
                0x0000000000000450       0x20 ../niosLab3_bsp//libhal_bsp.a(alt_exit.o)

.debug_pubnames
 *(.debug_pubnames)

.debug_info     0x0000000000000000     0x5cc6
 *(.debug_info .gnu.linkonce.wi.*)
 .debug_info    0x0000000000000000       0x7f ../niosLab3_bsp//obj/HAL/src/crt0.o
 .debug_info    0x000000000000007f       0xd4 obj/default/hello_world.o
 .debug_info    0x0000000000000153      0x145 ../niosLab3_bsp//libhal_bsp.a(alt_load.o)
 .debug_info    0x0000000000000298      0x131 ../niosLab3_bsp//libhal_bsp.a(alt_main.o)
 .debug_info    0x00000000000003c9       0xb0 ../niosLab3_bsp//libhal_bsp.a(alt_usleep.o)
 .debug_info    0x0000000000000479      0x3c9 ../niosLab3_bsp//libhal_bsp.a(alt_sys_init.o)
 .debug_info    0x0000000000000842      0x3a7 ../niosLab3_bsp//libhal_bsp.a(altera_avalon_jtag_uart_fd.o)
 .debug_info    0x0000000000000be9      0x1b2 ../niosLab3_bsp//libhal_bsp.a(altera_avalon_jtag_uart_read.o)
 .debug_info    0x0000000000000d9b      0x195 ../niosLab3_bsp//libhal_bsp.a(altera_avalon_jtag_uart_write.o)
 .debug_info    0x0000000000000f30       0xd7 ../niosLab3_bsp//libhal_bsp.a(alt_busy_sleep.o)
 .debug_info    0x0000000000001007      0x321 ../niosLab3_bsp//libhal_bsp.a(alt_close.o)
 .debug_info    0x0000000000001328       0x92 ../niosLab3_bsp//libhal_bsp.a(alt_dcache_flush_all.o)
 .debug_info    0x00000000000013ba      0x49c ../niosLab3_bsp//libhal_bsp.a(alt_dev.o)
 .debug_info    0x0000000000001856      0x1a9 ../niosLab3_bsp//libhal_bsp.a(alt_dev_llist_insert.o)
 .debug_info    0x00000000000019ff       0x83 ../niosLab3_bsp//libhal_bsp.a(alt_do_ctors.o)
 .debug_info    0x0000000000001a82       0x83 ../niosLab3_bsp//libhal_bsp.a(alt_do_dtors.o)
 .debug_info    0x0000000000001b05       0xa6 ../niosLab3_bsp//libhal_bsp.a(alt_errno.o)
 .debug_info    0x0000000000001bab       0x92 ../niosLab3_bsp//libhal_bsp.a(alt_icache_flush_all.o)
 .debug_info    0x0000000000001c3d      0x4a5 ../niosLab3_bsp//libhal_bsp.a(alt_io_redirect.o)
 .debug_info    0x00000000000020e2      0x3bb ../niosLab3_bsp//libhal_bsp.a(alt_open.o)
 .debug_info    0x000000000000249d      0x2b0 ../niosLab3_bsp//libhal_bsp.a(alt_release_fd.o)
 .debug_info    0x000000000000274d       0x92 ../niosLab3_bsp//libhal_bsp.a(altera_nios2_gen2_irq.o)
 .debug_info    0x00000000000027df      0x2e9 ../niosLab3_bsp//libhal_bsp.a(alt_find_dev.o)
 .debug_info    0x0000000000002ac8      0x2e6 ../niosLab3_bsp//libhal_bsp.a(alt_find_file.o)
 .debug_info    0x0000000000002dae      0x310 ../niosLab3_bsp//libhal_bsp.a(alt_get_fd.o)
 .debug_info    0x00000000000030be       0xfe /home/labarqcomp/intelFPGA/18.1/nios2eds/bin/gnu/H-x86_64-pc-linux-gnu/bin/../lib/gcc/nios2-elf/5.3.0/../../../../../H-x86_64-pc-linux-gnu/nios2-elf/lib/mno-hw-mul/libc.a(lib_a-atexit.o)
 .debug_info    0x00000000000031bc      0x8e4 /home/labarqcomp/intelFPGA/18.1/nios2eds/bin/gnu/H-x86_64-pc-linux-gnu/bin/../lib/gcc/nios2-elf/5.3.0/../../../../../H-x86_64-pc-linux-gnu/nios2-elf/lib/mno-hw-mul/libc.a(lib_a-exit.o)
 .debug_info    0x0000000000003aa0      0x8a1 /home/labarqcomp/intelFPGA/18.1/nios2eds/bin/gnu/H-x86_64-pc-linux-gnu/bin/../lib/gcc/nios2-elf/5.3.0/../../../../../H-x86_64-pc-linux-gnu/nios2-elf/lib/mno-hw-mul/libc.a(lib_a-impure.o)
 .debug_info    0x0000000000004341       0x8a /home/labarqcomp/intelFPGA/18.1/nios2eds/bin/gnu/H-x86_64-pc-linux-gnu/bin/../lib/gcc/nios2-elf/5.3.0/../../../../../H-x86_64-pc-linux-gnu/nios2-elf/lib/mno-hw-mul/libc.a(lib_a-int_errno.o)
 .debug_info    0x00000000000043cb      0x11a /home/labarqcomp/intelFPGA/18.1/nios2eds/bin/gnu/H-x86_64-pc-linux-gnu/bin/../lib/gcc/nios2-elf/5.3.0/../../../../../H-x86_64-pc-linux-gnu/nios2-elf/lib/mno-hw-mul/libc.a(lib_a-memcmp.o)
 .debug_info    0x00000000000044e5       0xe2 /home/labarqcomp/intelFPGA/18.1/nios2eds/bin/gnu/H-x86_64-pc-linux-gnu/bin/../lib/gcc/nios2-elf/5.3.0/../../../../../H-x86_64-pc-linux-gnu/nios2-elf/lib/mno-hw-mul/libc.a(lib_a-strlen.o)
 .debug_info    0x00000000000045c7      0x934 /home/labarqcomp/intelFPGA/18.1/nios2eds/bin/gnu/H-x86_64-pc-linux-gnu/bin/../lib/gcc/nios2-elf/5.3.0/../../../../../H-x86_64-pc-linux-gnu/nios2-elf/lib/mno-hw-mul/libc.a(lib_a-__atexit.o)
 .debug_info    0x0000000000004efb      0x965 /home/labarqcomp/intelFPGA/18.1/nios2eds/bin/gnu/H-x86_64-pc-linux-gnu/bin/../lib/gcc/nios2-elf/5.3.0/../../../../../H-x86_64-pc-linux-gnu/nios2-elf/lib/mno-hw-mul/libc.a(lib_a-__call_atexit.o)
 .debug_info    0x0000000000005860      0x2c6 /home/labarqcomp/intelFPGA/18.1/nios2eds/bin/gnu/H-x86_64-pc-linux-gnu/bin/../lib/gcc/nios2-elf/5.3.0/mno-hw-mul/libgcc.a(lib2-divmod.o)
 .debug_info    0x0000000000005b26       0xb4 /home/labarqcomp/intelFPGA/18.1/nios2eds/bin/gnu/H-x86_64-pc-linux-gnu/bin/../lib/gcc/nios2-elf/5.3.0/mno-hw-mul/libgcc.a(lib2-mul.o)
 .debug_info    0x0000000000005bda       0xec ../niosLab3_bsp//libhal_bsp.a(alt_exit.o)

.debug_abbrev   0x0000000000000000     0x1de8
 *(.debug_abbrev)
 .debug_abbrev  0x0000000000000000       0x12 ../niosLab3_bsp//obj/HAL/src/crt0.o
 .debug_abbrev  0x0000000000000012       0x8c obj/default/hello_world.o
 .debug_abbrev  0x000000000000009e       0x9f ../niosLab3_bsp//libhal_bsp.a(alt_load.o)
 .debug_abbrev  0x000000000000013d       0xba ../niosLab3_bsp//libhal_bsp.a(alt_main.o)
 .debug_abbrev  0x00000000000001f7       0x60 ../niosLab3_bsp//libhal_bsp.a(alt_usleep.o)
 .debug_abbrev  0x0000000000000257      0x157 ../niosLab3_bsp//libhal_bsp.a(alt_sys_init.o)
 .debug_abbrev  0x00000000000003ae       0xf7 ../niosLab3_bsp//libhal_bsp.a(altera_avalon_jtag_uart_fd.o)
 .debug_abbrev  0x00000000000004a5       0xd5 ../niosLab3_bsp//libhal_bsp.a(altera_avalon_jtag_uart_read.o)
 .debug_abbrev  0x000000000000057a       0xd5 ../niosLab3_bsp//libhal_bsp.a(altera_avalon_jtag_uart_write.o)
 .debug_abbrev  0x000000000000064f       0x7e ../niosLab3_bsp//libhal_bsp.a(alt_busy_sleep.o)
 .debug_abbrev  0x00000000000006cd      0x11f ../niosLab3_bsp//libhal_bsp.a(alt_close.o)
 .debug_abbrev  0x00000000000007ec       0x42 ../niosLab3_bsp//libhal_bsp.a(alt_dcache_flush_all.o)
 .debug_abbrev  0x000000000000082e       0xd9 ../niosLab3_bsp//libhal_bsp.a(alt_dev.o)
 .debug_abbrev  0x0000000000000907      0x114 ../niosLab3_bsp//libhal_bsp.a(alt_dev_llist_insert.o)
 .debug_abbrev  0x0000000000000a1b       0x79 ../niosLab3_bsp//libhal_bsp.a(alt_do_ctors.o)
 .debug_abbrev  0x0000000000000a94       0x79 ../niosLab3_bsp//libhal_bsp.a(alt_do_dtors.o)
 .debug_abbrev  0x0000000000000b0d       0x5a ../niosLab3_bsp//libhal_bsp.a(alt_errno.o)
 .debug_abbrev  0x0000000000000b67       0x42 ../niosLab3_bsp//libhal_bsp.a(alt_icache_flush_all.o)
 .debug_abbrev  0x0000000000000ba9      0x114 ../niosLab3_bsp//libhal_bsp.a(alt_io_redirect.o)
 .debug_abbrev  0x0000000000000cbd      0x148 ../niosLab3_bsp//libhal_bsp.a(alt_open.o)
 .debug_abbrev  0x0000000000000e05       0xde ../niosLab3_bsp//libhal_bsp.a(alt_release_fd.o)
 .debug_abbrev  0x0000000000000ee3       0x42 ../niosLab3_bsp//libhal_bsp.a(altera_nios2_gen2_irq.o)
 .debug_abbrev  0x0000000000000f25       0xf0 ../niosLab3_bsp//libhal_bsp.a(alt_find_dev.o)
 .debug_abbrev  0x0000000000001015       0xf0 ../niosLab3_bsp//libhal_bsp.a(alt_find_file.o)
 .debug_abbrev  0x0000000000001105      0x10d ../niosLab3_bsp//libhal_bsp.a(alt_get_fd.o)
 .debug_abbrev  0x0000000000001212       0xaa /home/labarqcomp/intelFPGA/18.1/nios2eds/bin/gnu/H-x86_64-pc-linux-gnu/bin/../lib/gcc/nios2-elf/5.3.0/../../../../../H-x86_64-pc-linux-gnu/nios2-elf/lib/mno-hw-mul/libc.a(lib_a-atexit.o)
 .debug_abbrev  0x00000000000012bc      0x1e5 /home/labarqcomp/intelFPGA/18.1/nios2eds/bin/gnu/H-x86_64-pc-linux-gnu/bin/../lib/gcc/nios2-elf/5.3.0/../../../../../H-x86_64-pc-linux-gnu/nios2-elf/lib/mno-hw-mul/libc.a(lib_a-exit.o)
 .debug_abbrev  0x00000000000014a1      0x18f /home/labarqcomp/intelFPGA/18.1/nios2eds/bin/gnu/H-x86_64-pc-linux-gnu/bin/../lib/gcc/nios2-elf/5.3.0/../../../../../H-x86_64-pc-linux-gnu/nios2-elf/lib/mno-hw-mul/libc.a(lib_a-impure.o)
 .debug_abbrev  0x0000000000001630       0x37 /home/labarqcomp/intelFPGA/18.1/nios2eds/bin/gnu/H-x86_64-pc-linux-gnu/bin/../lib/gcc/nios2-elf/5.3.0/../../../../../H-x86_64-pc-linux-gnu/nios2-elf/lib/mno-hw-mul/libc.a(lib_a-int_errno.o)
 .debug_abbrev  0x0000000000001667       0x7f /home/labarqcomp/intelFPGA/18.1/nios2eds/bin/gnu/H-x86_64-pc-linux-gnu/bin/../lib/gcc/nios2-elf/5.3.0/../../../../../H-x86_64-pc-linux-gnu/nios2-elf/lib/mno-hw-mul/libc.a(lib_a-memcmp.o)
 .debug_abbrev  0x00000000000016e6       0x90 /home/labarqcomp/intelFPGA/18.1/nios2eds/bin/gnu/H-x86_64-pc-linux-gnu/bin/../lib/gcc/nios2-elf/5.3.0/../../../../../H-x86_64-pc-linux-gnu/nios2-elf/lib/mno-hw-mul/libc.a(lib_a-strlen.o)
 .debug_abbrev  0x0000000000001776      0x21e /home/labarqcomp/intelFPGA/18.1/nios2eds/bin/gnu/H-x86_64-pc-linux-gnu/bin/../lib/gcc/nios2-elf/5.3.0/../../../../../H-x86_64-pc-linux-gnu/nios2-elf/lib/mno-hw-mul/libc.a(lib_a-__atexit.o)
 .debug_abbrev  0x0000000000001994      0x22e /home/labarqcomp/intelFPGA/18.1/nios2eds/bin/gnu/H-x86_64-pc-linux-gnu/bin/../lib/gcc/nios2-elf/5.3.0/../../../../../H-x86_64-pc-linux-gnu/nios2-elf/lib/mno-hw-mul/libc.a(lib_a-__call_atexit.o)
 .debug_abbrev  0x0000000000001bc2      0x10e /home/labarqcomp/intelFPGA/18.1/nios2eds/bin/gnu/H-x86_64-pc-linux-gnu/bin/../lib/gcc/nios2-elf/5.3.0/mno-hw-mul/libgcc.a(lib2-divmod.o)
 .debug_abbrev  0x0000000000001cd0       0x6f /home/labarqcomp/intelFPGA/18.1/nios2eds/bin/gnu/H-x86_64-pc-linux-gnu/bin/../lib/gcc/nios2-elf/5.3.0/mno-hw-mul/libgcc.a(lib2-mul.o)
 .debug_abbrev  0x0000000000001d3f       0xa9 ../niosLab3_bsp//libhal_bsp.a(alt_exit.o)

.debug_line     0x0000000000000000     0x1ff0
 *(.debug_line)
 .debug_line    0x0000000000000000       0x66 ../niosLab3_bsp//obj/HAL/src/crt0.o
 .debug_line    0x0000000000000066       0x45 obj/default/hello_world.o
 .debug_line    0x00000000000000ab       0x8e ../niosLab3_bsp//libhal_bsp.a(alt_load.o)
 .debug_line    0x0000000000000139       0xa4 ../niosLab3_bsp//libhal_bsp.a(alt_main.o)
 .debug_line    0x00000000000001dd       0xbb ../niosLab3_bsp//libhal_bsp.a(alt_usleep.o)
 .debug_line    0x0000000000000298      0x126 ../niosLab3_bsp//libhal_bsp.a(alt_sys_init.o)
 .debug_line    0x00000000000003be      0x112 ../niosLab3_bsp//libhal_bsp.a(altera_avalon_jtag_uart_fd.o)
 .debug_line    0x00000000000004d0       0xfd ../niosLab3_bsp//libhal_bsp.a(altera_avalon_jtag_uart_read.o)
 .debug_line    0x00000000000005cd       0xf4 ../niosLab3_bsp//libhal_bsp.a(altera_avalon_jtag_uart_write.o)
 .debug_line    0x00000000000006c1       0xa2 ../niosLab3_bsp//libhal_bsp.a(alt_busy_sleep.o)
 .debug_line    0x0000000000000763      0x173 ../niosLab3_bsp//libhal_bsp.a(alt_close.o)
 .debug_line    0x00000000000008d6       0x51 ../niosLab3_bsp//libhal_bsp.a(alt_dcache_flush_all.o)
 .debug_line    0x0000000000000927      0x106 ../niosLab3_bsp//libhal_bsp.a(alt_dev.o)
 .debug_line    0x0000000000000a2d       0xcf ../niosLab3_bsp//libhal_bsp.a(alt_dev_llist_insert.o)
 .debug_line    0x0000000000000afc       0x59 ../niosLab3_bsp//libhal_bsp.a(alt_do_ctors.o)
 .debug_line    0x0000000000000b55       0x59 ../niosLab3_bsp//libhal_bsp.a(alt_do_dtors.o)
 .debug_line    0x0000000000000bae       0x51 ../niosLab3_bsp//libhal_bsp.a(alt_errno.o)
 .debug_line    0x0000000000000bff       0x4f ../niosLab3_bsp//libhal_bsp.a(alt_icache_flush_all.o)
 .debug_line    0x0000000000000c4e      0x143 ../niosLab3_bsp//libhal_bsp.a(alt_io_redirect.o)
 .debug_line    0x0000000000000d91      0x12b ../niosLab3_bsp//libhal_bsp.a(alt_open.o)
 .debug_line    0x0000000000000ebc       0xb0 ../niosLab3_bsp//libhal_bsp.a(alt_release_fd.o)
 .debug_line    0x0000000000000f6c       0x51 ../niosLab3_bsp//libhal_bsp.a(altera_nios2_gen2_irq.o)
 .debug_line    0x0000000000000fbd       0xb5 ../niosLab3_bsp//libhal_bsp.a(alt_find_dev.o)
 .debug_line    0x0000000000001072       0xd1 ../niosLab3_bsp//libhal_bsp.a(alt_find_file.o)
 .debug_line    0x0000000000001143       0xd7 ../niosLab3_bsp//libhal_bsp.a(alt_get_fd.o)
 .debug_line    0x000000000000121a       0xe7 /home/labarqcomp/intelFPGA/18.1/nios2eds/bin/gnu/H-x86_64-pc-linux-gnu/bin/../lib/gcc/nios2-elf/5.3.0/../../../../../H-x86_64-pc-linux-gnu/nios2-elf/lib/mno-hw-mul/libc.a(lib_a-atexit.o)
 .debug_line    0x0000000000001301      0x1fc /home/labarqcomp/intelFPGA/18.1/nios2eds/bin/gnu/H-x86_64-pc-linux-gnu/bin/../lib/gcc/nios2-elf/5.3.0/../../../../../H-x86_64-pc-linux-gnu/nios2-elf/lib/mno-hw-mul/libc.a(lib_a-exit.o)
 .debug_line    0x00000000000014fd      0x160 /home/labarqcomp/intelFPGA/18.1/nios2eds/bin/gnu/H-x86_64-pc-linux-gnu/bin/../lib/gcc/nios2-elf/5.3.0/../../../../../H-x86_64-pc-linux-gnu/nios2-elf/lib/mno-hw-mul/libc.a(lib_a-impure.o)
 .debug_line    0x000000000000165d       0x5f /home/labarqcomp/intelFPGA/18.1/nios2eds/bin/gnu/H-x86_64-pc-linux-gnu/bin/../lib/gcc/nios2-elf/5.3.0/../../../../../H-x86_64-pc-linux-gnu/nios2-elf/lib/mno-hw-mul/libc.a(lib_a-int_errno.o)
 .debug_line    0x00000000000016bc      0x176 /home/labarqcomp/intelFPGA/18.1/nios2eds/bin/gnu/H-x86_64-pc-linux-gnu/bin/../lib/gcc/nios2-elf/5.3.0/../../../../../H-x86_64-pc-linux-gnu/nios2-elf/lib/mno-hw-mul/libc.a(lib_a-memcmp.o)
 .debug_line    0x0000000000001832      0x16f /home/labarqcomp/intelFPGA/18.1/nios2eds/bin/gnu/H-x86_64-pc-linux-gnu/bin/../lib/gcc/nios2-elf/5.3.0/../../../../../H-x86_64-pc-linux-gnu/nios2-elf/lib/mno-hw-mul/libc.a(lib_a-strlen.o)
 .debug_line    0x00000000000019a1      0x21f /home/labarqcomp/intelFPGA/18.1/nios2eds/bin/gnu/H-x86_64-pc-linux-gnu/bin/../lib/gcc/nios2-elf/5.3.0/../../../../../H-x86_64-pc-linux-gnu/nios2-elf/lib/mno-hw-mul/libc.a(lib_a-__atexit.o)
 .debug_line    0x0000000000001bc0      0x23a /home/labarqcomp/intelFPGA/18.1/nios2eds/bin/gnu/H-x86_64-pc-linux-gnu/bin/../lib/gcc/nios2-elf/5.3.0/../../../../../H-x86_64-pc-linux-gnu/nios2-elf/lib/mno-hw-mul/libc.a(lib_a-__call_atexit.o)
 .debug_line    0x0000000000001dfa      0x105 /home/labarqcomp/intelFPGA/18.1/nios2eds/bin/gnu/H-x86_64-pc-linux-gnu/bin/../lib/gcc/nios2-elf/5.3.0/mno-hw-mul/libgcc.a(lib2-divmod.o)
 .debug_line    0x0000000000001eff       0x80 /home/labarqcomp/intelFPGA/18.1/nios2eds/bin/gnu/H-x86_64-pc-linux-gnu/bin/../lib/gcc/nios2-elf/5.3.0/mno-hw-mul/libgcc.a(lib2-mul.o)
 .debug_line    0x0000000000001f7f       0x71 ../niosLab3_bsp//libhal_bsp.a(alt_exit.o)

.debug_frame    0x0000000000000000      0x7fc
 *(.debug_frame)
 .debug_frame   0x0000000000000000       0x2c obj/default/hello_world.o
 .debug_frame   0x000000000000002c       0x5c ../niosLab3_bsp//libhal_bsp.a(alt_load.o)
 .debug_frame   0x0000000000000088       0x2c ../niosLab3_bsp//libhal_bsp.a(alt_main.o)
 .debug_frame   0x00000000000000b4       0x38 ../niosLab3_bsp//libhal_bsp.a(alt_usleep.o)
 .debug_frame   0x00000000000000ec       0x88 ../niosLab3_bsp//libhal_bsp.a(alt_sys_init.o)
 .debug_frame   0x0000000000000174       0x60 ../niosLab3_bsp//libhal_bsp.a(altera_avalon_jtag_uart_fd.o)
 .debug_frame   0x00000000000001d4       0x34 ../niosLab3_bsp//libhal_bsp.a(altera_avalon_jtag_uart_read.o)
 .debug_frame   0x0000000000000208       0x34 ../niosLab3_bsp//libhal_bsp.a(altera_avalon_jtag_uart_write.o)
 .debug_frame   0x000000000000023c       0x38 ../niosLab3_bsp//libhal_bsp.a(alt_busy_sleep.o)
 .debug_frame   0x0000000000000274       0x60 ../niosLab3_bsp//libhal_bsp.a(alt_close.o)
 .debug_frame   0x00000000000002d4       0x34 ../niosLab3_bsp//libhal_bsp.a(alt_dcache_flush_all.o)
 .debug_frame   0x0000000000000308       0x34 ../niosLab3_bsp//libhal_bsp.a(alt_dev.o)
 .debug_frame   0x000000000000033c       0x60 ../niosLab3_bsp//libhal_bsp.a(alt_dev_llist_insert.o)
 .debug_frame   0x000000000000039c       0x38 ../niosLab3_bsp//libhal_bsp.a(alt_do_ctors.o)
 .debug_frame   0x00000000000003d4       0x38 ../niosLab3_bsp//libhal_bsp.a(alt_do_dtors.o)
 .debug_frame   0x000000000000040c       0x34 ../niosLab3_bsp//libhal_bsp.a(alt_icache_flush_all.o)
 .debug_frame   0x0000000000000440       0x64 ../niosLab3_bsp//libhal_bsp.a(alt_io_redirect.o)
 .debug_frame   0x00000000000004a4       0x8c ../niosLab3_bsp//libhal_bsp.a(alt_open.o)
 .debug_frame   0x0000000000000530       0x3c ../niosLab3_bsp//libhal_bsp.a(alt_release_fd.o)
 .debug_frame   0x000000000000056c       0x34 ../niosLab3_bsp//libhal_bsp.a(altera_nios2_gen2_irq.o)
 .debug_frame   0x00000000000005a0       0x38 ../niosLab3_bsp//libhal_bsp.a(alt_find_dev.o)
 .debug_frame   0x00000000000005d8       0x38 ../niosLab3_bsp//libhal_bsp.a(alt_find_file.o)
 .debug_frame   0x0000000000000610       0x3c ../niosLab3_bsp//libhal_bsp.a(alt_get_fd.o)
 .debug_frame   0x000000000000064c       0x20 /home/labarqcomp/intelFPGA/18.1/nios2eds/bin/gnu/H-x86_64-pc-linux-gnu/bin/../lib/gcc/nios2-elf/5.3.0/../../../../../H-x86_64-pc-linux-gnu/nios2-elf/lib/mno-hw-mul/libc.a(lib_a-atexit.o)
 .debug_frame   0x000000000000066c       0x28 /home/labarqcomp/intelFPGA/18.1/nios2eds/bin/gnu/H-x86_64-pc-linux-gnu/bin/../lib/gcc/nios2-elf/5.3.0/../../../../../H-x86_64-pc-linux-gnu/nios2-elf/lib/mno-hw-mul/libc.a(lib_a-exit.o)
 .debug_frame   0x0000000000000694       0x20 /home/labarqcomp/intelFPGA/18.1/nios2eds/bin/gnu/H-x86_64-pc-linux-gnu/bin/../lib/gcc/nios2-elf/5.3.0/../../../../../H-x86_64-pc-linux-gnu/nios2-elf/lib/mno-hw-mul/libc.a(lib_a-memcmp.o)
 .debug_frame   0x00000000000006b4       0x20 /home/labarqcomp/intelFPGA/18.1/nios2eds/bin/gnu/H-x86_64-pc-linux-gnu/bin/../lib/gcc/nios2-elf/5.3.0/../../../../../H-x86_64-pc-linux-gnu/nios2-elf/lib/mno-hw-mul/libc.a(lib_a-strlen.o)
 .debug_frame   0x00000000000006d4       0x38 /home/labarqcomp/intelFPGA/18.1/nios2eds/bin/gnu/H-x86_64-pc-linux-gnu/bin/../lib/gcc/nios2-elf/5.3.0/../../../../../H-x86_64-pc-linux-gnu/nios2-elf/lib/mno-hw-mul/libc.a(lib_a-__atexit.o)
 .debug_frame   0x000000000000070c       0x54 /home/labarqcomp/intelFPGA/18.1/nios2eds/bin/gnu/H-x86_64-pc-linux-gnu/bin/../lib/gcc/nios2-elf/5.3.0/../../../../../H-x86_64-pc-linux-gnu/nios2-elf/lib/mno-hw-mul/libc.a(lib_a-__call_atexit.o)
 .debug_frame   0x0000000000000760       0x50 /home/labarqcomp/intelFPGA/18.1/nios2eds/bin/gnu/H-x86_64-pc-linux-gnu/bin/../lib/gcc/nios2-elf/5.3.0/mno-hw-mul/libgcc.a(lib2-divmod.o)
 .debug_frame   0x00000000000007b0       0x20 /home/labarqcomp/intelFPGA/18.1/nios2eds/bin/gnu/H-x86_64-pc-linux-gnu/bin/../lib/gcc/nios2-elf/5.3.0/mno-hw-mul/libgcc.a(lib2-mul.o)
 .debug_frame   0x00000000000007d0       0x2c ../niosLab3_bsp//libhal_bsp.a(alt_exit.o)

.debug_str      0x0000000000000000     0x13bb
 *(.debug_str)
 .debug_str     0x0000000000000000      0x110 obj/default/hello_world.o
                                        0x14e (size before relaxing)
 .debug_str     0x0000000000000110      0x13c ../niosLab3_bsp//libhal_bsp.a(alt_load.o)
                                        0x223 (size before relaxing)
 .debug_str     0x000000000000024c       0x70 ../niosLab3_bsp//libhal_bsp.a(alt_main.o)
                                        0x1ae (size before relaxing)
 .debug_str     0x00000000000002bc       0x20 ../niosLab3_bsp//libhal_bsp.a(alt_usleep.o)
                                        0x159 (size before relaxing)
 .debug_str     0x00000000000002dc      0x153 ../niosLab3_bsp//libhal_bsp.a(alt_sys_init.o)
                                        0x2e5 (size before relaxing)
 .debug_str     0x000000000000042f       0x77 ../niosLab3_bsp//libhal_bsp.a(altera_avalon_jtag_uart_fd.o)
                                        0x2e6 (size before relaxing)
 .debug_str     0x00000000000004a6       0x48 ../niosLab3_bsp//libhal_bsp.a(altera_avalon_jtag_uart_read.o)
                                        0x230 (size before relaxing)
 .debug_str     0x00000000000004ee       0x4a ../niosLab3_bsp//libhal_bsp.a(altera_avalon_jtag_uart_write.o)
                                        0x226 (size before relaxing)
 .debug_str     0x0000000000000538       0x42 ../niosLab3_bsp//libhal_bsp.a(alt_busy_sleep.o)
                                        0x17c (size before relaxing)
 .debug_str     0x000000000000057a       0x44 ../niosLab3_bsp//libhal_bsp.a(alt_close.o)
                                        0x21c (size before relaxing)
 .debug_str     0x00000000000005be       0x34 ../niosLab3_bsp//libhal_bsp.a(alt_dcache_flush_all.o)
                                        0x166 (size before relaxing)
 .debug_str     0x00000000000005f2      0x120 ../niosLab3_bsp//libhal_bsp.a(alt_dev.o)
                                        0x316 (size before relaxing)
 .debug_str     0x0000000000000712       0x4b ../niosLab3_bsp//libhal_bsp.a(alt_dev_llist_insert.o)
                                        0x1dd (size before relaxing)
 .debug_str     0x000000000000075d       0x48 ../niosLab3_bsp//libhal_bsp.a(alt_do_ctors.o)
                                         0xe1 (size before relaxing)
 .debug_str     0x00000000000007a5       0x4c ../niosLab3_bsp//libhal_bsp.a(alt_do_dtors.o)
                                         0xe0 (size before relaxing)
 .debug_str     0x00000000000007f1       0x14 ../niosLab3_bsp//libhal_bsp.a(alt_errno.o)
                                        0x156 (size before relaxing)
 .debug_str     0x0000000000000805       0x34 ../niosLab3_bsp//libhal_bsp.a(alt_icache_flush_all.o)
                                        0x166 (size before relaxing)
 .debug_str     0x0000000000000839       0x56 ../niosLab3_bsp//libhal_bsp.a(alt_io_redirect.o)
                                        0x327 (size before relaxing)
 .debug_str     0x000000000000088f       0x36 ../niosLab3_bsp//libhal_bsp.a(alt_open.o)
                                        0x25c (size before relaxing)
 .debug_str     0x00000000000008c5       0x28 ../niosLab3_bsp//libhal_bsp.a(alt_release_fd.o)
                                        0x1e4 (size before relaxing)
 .debug_str     0x00000000000008ed       0x3b ../niosLab3_bsp//libhal_bsp.a(altera_nios2_gen2_irq.o)
                                        0x16d (size before relaxing)
 .debug_str     0x0000000000000928       0x24 ../niosLab3_bsp//libhal_bsp.a(alt_find_dev.o)
                                        0x1fd (size before relaxing)
 .debug_str     0x000000000000094c       0x26 ../niosLab3_bsp//libhal_bsp.a(alt_find_file.o)
                                        0x20b (size before relaxing)
 .debug_str     0x0000000000000972       0x30 ../niosLab3_bsp//libhal_bsp.a(alt_get_fd.o)
                                        0x22d (size before relaxing)
 .debug_str     0x00000000000009a2      0x17d /home/labarqcomp/intelFPGA/18.1/nios2eds/bin/gnu/H-x86_64-pc-linux-gnu/bin/../lib/gcc/nios2-elf/5.3.0/../../../../../H-x86_64-pc-linux-gnu/nios2-elf/lib/mno-hw-mul/libc.a(lib_a-atexit.o)
                                        0x222 (size before relaxing)
 .debug_str     0x0000000000000b1f      0x3c4 /home/labarqcomp/intelFPGA/18.1/nios2eds/bin/gnu/H-x86_64-pc-linux-gnu/bin/../lib/gcc/nios2-elf/5.3.0/../../../../../H-x86_64-pc-linux-gnu/nios2-elf/lib/mno-hw-mul/libc.a(lib_a-exit.o)
                                        0x5bf (size before relaxing)
 .debug_str     0x0000000000000ee3       0xd7 /home/labarqcomp/intelFPGA/18.1/nios2eds/bin/gnu/H-x86_64-pc-linux-gnu/bin/../lib/gcc/nios2-elf/5.3.0/../../../../../H-x86_64-pc-linux-gnu/nios2-elf/lib/mno-hw-mul/libc.a(lib_a-impure.o)
                                        0x5b6 (size before relaxing)
 .debug_str     0x0000000000000fba       0x3f /home/labarqcomp/intelFPGA/18.1/nios2eds/bin/gnu/H-x86_64-pc-linux-gnu/bin/../lib/gcc/nios2-elf/5.3.0/../../../../../H-x86_64-pc-linux-gnu/nios2-elf/lib/mno-hw-mul/libc.a(lib_a-int_errno.o)
                                        0x1de (size before relaxing)
 .debug_str     0x0000000000000ff9       0xdb /home/labarqcomp/intelFPGA/18.1/nios2eds/bin/gnu/H-x86_64-pc-linux-gnu/bin/../lib/gcc/nios2-elf/5.3.0/../../../../../H-x86_64-pc-linux-gnu/nios2-elf/lib/mno-hw-mul/libc.a(lib_a-memcmp.o)
                                        0x1e5 (size before relaxing)
 .debug_str     0x00000000000010d4       0x51 /home/labarqcomp/intelFPGA/18.1/nios2eds/bin/gnu/H-x86_64-pc-linux-gnu/bin/../lib/gcc/nios2-elf/5.3.0/../../../../../H-x86_64-pc-linux-gnu/nios2-elf/lib/mno-hw-mul/libc.a(lib_a-strlen.o)
                                        0x1f8 (size before relaxing)
 .debug_str     0x0000000000001125       0x3f /home/labarqcomp/intelFPGA/18.1/nios2eds/bin/gnu/H-x86_64-pc-linux-gnu/bin/../lib/gcc/nios2-elf/5.3.0/../../../../../H-x86_64-pc-linux-gnu/nios2-elf/lib/mno-hw-mul/libc.a(lib_a-__atexit.o)
                                        0x5f7 (size before relaxing)
 .debug_str     0x0000000000001164       0x65 /home/labarqcomp/intelFPGA/18.1/nios2eds/bin/gnu/H-x86_64-pc-linux-gnu/bin/../lib/gcc/nios2-elf/5.3.0/../../../../../H-x86_64-pc-linux-gnu/nios2-elf/lib/mno-hw-mul/libc.a(lib_a-__call_atexit.o)
                                        0x5e3 (size before relaxing)
 .debug_str     0x00000000000011c9      0x188 /home/labarqcomp/intelFPGA/18.1/nios2eds/bin/gnu/H-x86_64-pc-linux-gnu/bin/../lib/gcc/nios2-elf/5.3.0/mno-hw-mul/libgcc.a(lib2-divmod.o)
                                        0x1d3 (size before relaxing)
 .debug_str     0x0000000000001351       0x40 /home/labarqcomp/intelFPGA/18.1/nios2eds/bin/gnu/H-x86_64-pc-linux-gnu/bin/../lib/gcc/nios2-elf/5.3.0/mno-hw-mul/libgcc.a(lib2-mul.o)
                                        0x194 (size before relaxing)
 .debug_str     0x0000000000001391       0x2a ../niosLab3_bsp//libhal_bsp.a(alt_exit.o)
                                        0x162 (size before relaxing)

.debug_loc      0x0000000000000000      0xa6b
 *(.debug_loc)
 .debug_loc     0x0000000000000000       0x2c /home/labarqcomp/intelFPGA/18.1/nios2eds/bin/gnu/H-x86_64-pc-linux-gnu/bin/../lib/gcc/nios2-elf/5.3.0/../../../../../H-x86_64-pc-linux-gnu/nios2-elf/lib/mno-hw-mul/libc.a(lib_a-atexit.o)
 .debug_loc     0x000000000000002c       0x1e /home/labarqcomp/intelFPGA/18.1/nios2eds/bin/gnu/H-x86_64-pc-linux-gnu/bin/../lib/gcc/nios2-elf/5.3.0/../../../../../H-x86_64-pc-linux-gnu/nios2-elf/lib/mno-hw-mul/libc.a(lib_a-exit.o)
 .debug_loc     0x000000000000004a      0x126 /home/labarqcomp/intelFPGA/18.1/nios2eds/bin/gnu/H-x86_64-pc-linux-gnu/bin/../lib/gcc/nios2-elf/5.3.0/../../../../../H-x86_64-pc-linux-gnu/nios2-elf/lib/mno-hw-mul/libc.a(lib_a-memcmp.o)
 .debug_loc     0x0000000000000170       0x47 /home/labarqcomp/intelFPGA/18.1/nios2eds/bin/gnu/H-x86_64-pc-linux-gnu/bin/../lib/gcc/nios2-elf/5.3.0/../../../../../H-x86_64-pc-linux-gnu/nios2-elf/lib/mno-hw-mul/libc.a(lib_a-strlen.o)
 .debug_loc     0x00000000000001b7      0x185 /home/labarqcomp/intelFPGA/18.1/nios2eds/bin/gnu/H-x86_64-pc-linux-gnu/bin/../lib/gcc/nios2-elf/5.3.0/../../../../../H-x86_64-pc-linux-gnu/nios2-elf/lib/mno-hw-mul/libc.a(lib_a-__atexit.o)
 .debug_loc     0x000000000000033c      0x1ce /home/labarqcomp/intelFPGA/18.1/nios2eds/bin/gnu/H-x86_64-pc-linux-gnu/bin/../lib/gcc/nios2-elf/5.3.0/../../../../../H-x86_64-pc-linux-gnu/nios2-elf/lib/mno-hw-mul/libc.a(lib_a-__call_atexit.o)
 .debug_loc     0x000000000000050a      0x4ce /home/labarqcomp/intelFPGA/18.1/nios2eds/bin/gnu/H-x86_64-pc-linux-gnu/bin/../lib/gcc/nios2-elf/5.3.0/mno-hw-mul/libgcc.a(lib2-divmod.o)
 .debug_loc     0x00000000000009d8       0x93 /home/labarqcomp/intelFPGA/18.1/nios2eds/bin/gnu/H-x86_64-pc-linux-gnu/bin/../lib/gcc/nios2-elf/5.3.0/mno-hw-mul/libgcc.a(lib2-mul.o)

.debug_macinfo
 *(.debug_macinfo)

.debug_weaknames
 *(.debug_weaknames)

.debug_funcnames
 *(.debug_funcnames)

.debug_typenames
 *(.debug_typenames)

.debug_varnames
 *(.debug_varnames)

.debug_alt_sim_info
                0x0000000000000000       0x40
 *(.debug_alt_sim_info)
 .debug_alt_sim_info
                0x0000000000000000       0x10 ../niosLab3_bsp//obj/HAL/src/crt0.o
 .debug_alt_sim_info
                0x0000000000000010       0x30 ../niosLab3_bsp//libhal_bsp.a(alt_busy_sleep.o)
                0x0000000000010000                __alt_data_end = 0x10000
                0x0000000000010000                PROVIDE (__alt_stack_pointer, __alt_data_end)
                [!provide]                        PROVIDE (__alt_stack_limit, __alt_stack_base)
                [!provide]                        PROVIDE (__alt_heap_start, end)
                [!provide]                        PROVIDE (__alt_heap_limit, 0x10000)
OUTPUT(niosLab3.elf elf32-littlenios2)

.debug_ranges   0x0000000000000000      0x118
 .debug_ranges  0x0000000000000000       0x20 ../niosLab3_bsp//obj/HAL/src/crt0.o
 .debug_ranges  0x0000000000000020       0x18 ../niosLab3_bsp//libhal_bsp.a(altera_avalon_jtag_uart_read.o)
 .debug_ranges  0x0000000000000038       0x10 /home/labarqcomp/intelFPGA/18.1/nios2eds/bin/gnu/H-x86_64-pc-linux-gnu/bin/../lib/gcc/nios2-elf/5.3.0/../../../../../H-x86_64-pc-linux-gnu/nios2-elf/lib/mno-hw-mul/libc.a(lib_a-atexit.o)
 .debug_ranges  0x0000000000000048       0x10 /home/labarqcomp/intelFPGA/18.1/nios2eds/bin/gnu/H-x86_64-pc-linux-gnu/bin/../lib/gcc/nios2-elf/5.3.0/../../../../../H-x86_64-pc-linux-gnu/nios2-elf/lib/mno-hw-mul/libc.a(lib_a-exit.o)
 .debug_ranges  0x0000000000000058       0x10 /home/labarqcomp/intelFPGA/18.1/nios2eds/bin/gnu/H-x86_64-pc-linux-gnu/bin/../lib/gcc/nios2-elf/5.3.0/../../../../../H-x86_64-pc-linux-gnu/nios2-elf/lib/mno-hw-mul/libc.a(lib_a-memcmp.o)
 .debug_ranges  0x0000000000000068       0x10 /home/labarqcomp/intelFPGA/18.1/nios2eds/bin/gnu/H-x86_64-pc-linux-gnu/bin/../lib/gcc/nios2-elf/5.3.0/../../../../../H-x86_64-pc-linux-gnu/nios2-elf/lib/mno-hw-mul/libc.a(lib_a-strlen.o)
 .debug_ranges  0x0000000000000078       0x10 /home/labarqcomp/intelFPGA/18.1/nios2eds/bin/gnu/H-x86_64-pc-linux-gnu/bin/../lib/gcc/nios2-elf/5.3.0/../../../../../H-x86_64-pc-linux-gnu/nios2-elf/lib/mno-hw-mul/libc.a(lib_a-__atexit.o)
 .debug_ranges  0x0000000000000088       0x30 /home/labarqcomp/intelFPGA/18.1/nios2eds/bin/gnu/H-x86_64-pc-linux-gnu/bin/../lib/gcc/nios2-elf/5.3.0/../../../../../H-x86_64-pc-linux-gnu/nios2-elf/lib/mno-hw-mul/libc.a(lib_a-__call_atexit.o)
 .debug_ranges  0x00000000000000b8       0x60 /home/labarqcomp/intelFPGA/18.1/nios2eds/bin/gnu/H-x86_64-pc-linux-gnu/bin/../lib/gcc/nios2-elf/5.3.0/mno-hw-mul/libgcc.a(lib2-divmod.o)
